Component: Arm Compiler for Embedded 6.19 Tool: armlink [5e73cb00]

==============================================================================

Section Cross References

    startup_stm32f103xe.o(STACK) refers (Special) to heapauxi.o(.text) for __use_two_region_memory
    startup_stm32f103xe.o(HEAP) refers (Special) to heapauxi.o(.text) for __use_two_region_memory
    startup_stm32f103xe.o(RESET) refers (Special) to heapauxi.o(.text) for __use_two_region_memory
    startup_stm32f103xe.o(RESET) refers to startup_stm32f103xe.o(STACK) for __initial_sp
    startup_stm32f103xe.o(RESET) refers to startup_stm32f103xe.o(.text) for Reset_Handler
    startup_stm32f103xe.o(RESET) refers to stm32f1xx_it.o(.text.NMI_Handler) for NMI_Handler
    startup_stm32f103xe.o(RESET) refers to stm32f1xx_it.o(.text.HardFault_Handler) for HardFault_Handler
    startup_stm32f103xe.o(RESET) refers to stm32f1xx_it.o(.text.MemManage_Handler) for MemManage_Handler
    startup_stm32f103xe.o(RESET) refers to stm32f1xx_it.o(.text.BusFault_Handler) for BusFault_Handler
    startup_stm32f103xe.o(RESET) refers to stm32f1xx_it.o(.text.UsageFault_Handler) for UsageFault_Handler
    startup_stm32f103xe.o(RESET) refers to stm32f1xx_it.o(.text.SVC_Handler) for SVC_Handler
    startup_stm32f103xe.o(RESET) refers to stm32f1xx_it.o(.text.DebugMon_Handler) for DebugMon_Handler
    startup_stm32f103xe.o(RESET) refers to stm32f1xx_it.o(.text.PendSV_Handler) for PendSV_Handler
    startup_stm32f103xe.o(RESET) refers to stm32f1xx_it.o(.text.SysTick_Handler) for SysTick_Handler
    startup_stm32f103xe.o(RESET) refers to stm32f1xx_it.o(.text.EXTI15_10_IRQHandler) for EXTI15_10_IRQHandler
    startup_stm32f103xe.o(RESET) refers to stm32f1xx_it.o(.text.TIM6_IRQHandler) for TIM6_IRQHandler
    startup_stm32f103xe.o(RESET) refers to stm32f1xx_it.o(.text.TIM7_IRQHandler) for TIM7_IRQHandler
    startup_stm32f103xe.o(.text) refers (Special) to heapauxi.o(.text) for __use_two_region_memory
    startup_stm32f103xe.o(.text) refers to system_stm32f1xx.o(.text.SystemInit) for SystemInit
    startup_stm32f103xe.o(.text) refers to __main.o(!!!main) for __main
    startup_stm32f103xe.o(.text) refers to startup_stm32f103xe.o(HEAP) for Heap_Mem
    startup_stm32f103xe.o(.text) refers to startup_stm32f103xe.o(STACK) for Stack_Mem
    main.o(.text.Get_FB_FUN) refers to main.o(.bss..L_MergedGlobals.3) for .L_MergedGlobals.3
    main.o(.text.Get_FB_FUN) refers to stm32f1xx_hal_adc.o(.text.HAL_ADC_GetValue) for HAL_ADC_GetValue
    main.o(.text.Get_FB_FUN) refers to main.o(.bss..L_MergedGlobals.1) for .L_MergedGlobals.1
    main.o(.text.Get_FB_FUN) refers to main.o(.bss..L_MergedGlobals.4) for .L_MergedGlobals.4
    main.o(.text.Get_FB_FUN) refers to stm32f1xx_hal_adc_ex.o(.text.HAL_ADCEx_InjectedGetValue) for HAL_ADCEx_InjectedGetValue
    main.o(.text.Get_FB_FUN) refers to main.o(.bss..L_MergedGlobals.2) for .L_MergedGlobals.2
    main.o(.text.Get_FB_FUN) refers to stm32f1xx_hal_gpio.o(.text.HAL_GPIO_ReadPin) for HAL_GPIO_ReadPin
    main.o(.text.Get_FB_FUN) refers to stm32f1xx_hal_gpio.o(.text.HAL_GPIO_WritePin) for HAL_GPIO_WritePin
    main.o(.text.Get_FB_FUN) refers to main.o(.data.Wave_control_signal) for Wave_control_signal
    main.o(.text.Get_FB_FUN) refers to stm32f1xx_hal_dac.o(.text.HAL_DAC_SetValue) for HAL_DAC_SetValue
    main.o(.text.Get_FB_FUN) refers to main.o(.bss.htim1) for htim1
    main.o(.ARM.exidx.text.Get_FB_FUN) refers to main.o(.text.Get_FB_FUN) for [Anonymous Symbol]
    main.o(.text.Switch_State_FUN) refers to main.o(.bss..L_MergedGlobals.1) for .L_MergedGlobals.1
    main.o(.text.Switch_State_FUN) refers to stm32f1xx_hal_gpio.o(.text.HAL_GPIO_WritePin) for HAL_GPIO_WritePin
    main.o(.text.Switch_State_FUN) refers to main.o(.bss.htim6) for htim6
    main.o(.text.Switch_State_FUN) refers to stm32f1xx_hal_tim.o(.text.HAL_TIM_Base_Stop_IT) for HAL_TIM_Base_Stop_IT
    main.o(.text.Switch_State_FUN) refers to main.o(.bss..L_MergedGlobals.2) for .L_MergedGlobals.2
    main.o(.text.Switch_State_FUN) refers to stm32f1xx_hal_dac.o(.text.HAL_DAC_SetValue) for HAL_DAC_SetValue
    main.o(.text.Switch_State_FUN) refers to stm32f1xx_hal_tim.o(.text.HAL_TIM_Base_Start_IT) for HAL_TIM_Base_Start_IT
    main.o(.text.Switch_State_FUN) refers to stm32f1xx_hal_gpio.o(.text.HAL_GPIO_TogglePin) for HAL_GPIO_TogglePin
    main.o(.text.Switch_State_FUN) refers to stm32f1xx_hal_gpio.o(.text.HAL_GPIO_ReadPin) for HAL_GPIO_ReadPin
    main.o(.text.Switch_State_FUN) refers to stm32f1xx_it.o(.bss..L_MergedGlobals.1) for FPWM_Set
    main.o(.text.Switch_State_FUN) refers to main.o(.data.Wave_control_signal) for Wave_control_signal
    main.o(.text.Switch_State_FUN) refers to main.o(.bss.htim1) for htim1
    main.o(.ARM.exidx.text.Switch_State_FUN) refers to main.o(.text.Switch_State_FUN) for [Anonymous Symbol]
    main.o(.text.Get_State_FUN) refers to main.o(.data.PWM_Set) for PWM_Set
[...]
    .ARM.Collect$$libinit$$0000002E          0x080001a6   Section        0  libinit2.o(.ARM.Collect$$libinit$$0000002E)
    .ARM.Collect$$libinit$$00000030          0x080001a6   Section        0  libinit2.o(.ARM.Collect$$libinit$$00000030)
    .ARM.Collect$$libinit$$00000032          0x080001a6   Section        0  libinit2.o(.ARM.Collect$$libinit$$00000032)
    .ARM.Collect$$libinit$$00000034          0x080001a6   Section        0  libinit2.o(.ARM.Collect$$libinit$$00000034)
    .ARM.Collect$$libinit$$00000035          0x080001a6   Section        2  libinit2.o(.ARM.Collect$$libinit$$00000035)
    .ARM.Collect$$libshutdown$$00000000      0x080001a8   Section        2  libshutdown.o(.ARM.Collect$$libshutdown$$00000000)
    .ARM.Collect$$libshutdown$$00000002      0x080001aa   Section        0  libshutdown2.o(.ARM.Collect$$libshutdown$$00000002)
    .ARM.Collect$$libshutdown$$00000004      0x080001aa   Section        0  libshutdown2.o(.ARM.Collect$$libshutdown$$00000004)
    .ARM.Collect$$libshutdown$$00000007      0x080001aa   Section        0  libshutdown2.o(.ARM.Collect$$libshutdown$$00000007)
    .ARM.Collect$$libshutdown$$0000000A      0x080001aa   Section        0  libshutdown2.o(.ARM.Collect$$libshutdown$$0000000A)
    .ARM.Collect$$libshutdown$$0000000C      0x080001aa   Section        0  libshutdown2.o(.ARM.Collect$$libshutdown$$0000000C)
    .ARM.Collect$$libshutdown$$0000000F      0x080001aa   Section        0  libshutdown2.o(.ARM.Collect$$libshutdown$$0000000F)
    .ARM.Collect$$libshutdown$$00000010      0x080001aa   Section        2  libshutdown2.o(.ARM.Collect$$libshutdown$$00000010)
    .ARM.Collect$$rtentry$$00000000          0x080001ac   Section        0  __rtentry.o(.ARM.Collect$$rtentry$$00000000)
    .ARM.Collect$$rtentry$$00000002          0x080001ac   Section        0  __rtentry2.o(.ARM.Collect$$rtentry$$00000002)
    .ARM.Collect$$rtentry$$00000004          0x080001ac   Section        6  __rtentry4.o(.ARM.Collect$$rtentry$$00000004)
    .ARM.Collect$$rtentry$$00000009          0x080001b2   Section        0  __rtentry2.o(.ARM.Collect$$rtentry$$00000009)
    .ARM.Collect$$rtentry$$0000000A          0x080001b2   Section        4  __rtentry2.o(.ARM.Collect$$rtentry$$0000000A)
    .ARM.Collect$$rtentry$$0000000C          0x080001b6   Section        0  __rtentry2.o(.ARM.Collect$$rtentry$$0000000C)
    .ARM.Collect$$rtentry$$0000000D          0x080001b6   Section        8  __rtentry2.o(.ARM.Collect$$rtentry$$0000000D)
    .ARM.Collect$$rtexit$$00000000           0x080001be   Section        2  rtexit.o(.ARM.Collect$$rtexit$$00000000)
    .ARM.Collect$$rtexit$$00000002           0x080001c0   Section        0  rtexit2.o(.ARM.Collect$$rtexit$$00000002)
    .ARM.Collect$$rtexit$$00000003           0x080001c0   Section        4  rtexit2.o(.ARM.Collect$$rtexit$$00000003)
    .ARM.Collect$$rtexit$$00000004           0x080001c4   Section        6  rtexit2.o(.ARM.Collect$$rtexit$$00000004)
    .text                                    0x080001cc   Section       64  startup_stm32f103xe.o(.text)
    .text                                    0x0800020c   Section        0  heapauxi.o(.text)
    .text                                    0x08000212   Section       74  sys_stackheap_outer.o(.text)
    .text                                    0x0800025c   Section        0  exit.o(.text)
    .text                                    0x08000270   Section        8  libspace.o(.text)
    .text                                    0x08000278   Section        0  sys_exit.o(.text)
    .text                                    0x08000284   Section        2  use_no_semi.o(.text)
    .text                                    0x08000286   Section        0  indicate_semi.o(.text)
    [Anonymous Symbol]                       0x08000288   Section        0  stm32f1xx_hal_adc.o(.text.ADC_Enable)
    [Anonymous Symbol]                       0x08000340   Section        0  stm32f1xx_it.o(.text.BusFault_Handler)
    [Anonymous Symbol]                       0x08000344   Section        0  stm32f1xx_it.o(.text.DebugMon_Handler)
    [Anonymous Symbol]                       0x08000348   Section        0  stm32f1xx_it.o(.text.EXTI15_10_IRQHandler)
    [Anonymous Symbol]                       0x08000350   Section        0  main.o(.text.Get_FB_FUN)
    [Anonymous Symbol]                       0x080008c8   Section        0  main.o(.text.Get_SP_FUN)
    [Anonymous Symbol]                       0x08000e50   Section        0  main.o(.text.Get_State_FUN)
    [Anonymous Symbol]                       0x08000eac   Section        0  stm32f1xx_hal_adc_ex.o(.text.HAL_ADCEx_InjectedConfigChannel)
    [Anonymous Symbol]                       0x080010f8   Section        0  stm32f1xx_hal_adc_ex.o(.text.HAL_ADCEx_InjectedGetValue)
    [Anonymous Symbol]                       0x08001120   Section        0  stm32f1xx_hal_adc_ex.o(.text.HAL_ADCEx_InjectedStart)
    [Anonymous Symbol]                       0x080011d0   Section        0  stm32f1xx_hal_adc.o(.text.HAL_ADC_ConfigChannel)
    [Anonymous Symbol]                       0x0800135c   Section        0  stm32f1xx_hal_adc.o(.text.HAL_ADC_GetValue)
    [Anonymous Symbol]                       0x08001364   Section        0  stm32f1xx_hal_adc.o(.text.HAL_ADC_Init)
    [Anonymous Symbol]                       0x080014d4   Section        0  stm32f1xx_hal_msp.o(.text.HAL_ADC_MspInit)
    [Anonymous Symbol]                       0x080015b0   Section        0  stm32f1xx_hal_adc.o(.text.HAL_ADC_Start)
    [Anonymous Symbol]                       0x0800167c   Section        0  stm32f1xx_hal_dac.o(.text.HAL_DAC_ConfigChannel)
    [Anonymous Symbol]                       0x080016dc   Section        0  stm32f1xx_hal_dac.o(.text.HAL_DAC_Init)
    [Anonymous Symbol]                       0x08001704   Section        0  stm32f1xx_hal_msp.o(.text.HAL_DAC_MspInit)
    [Anonymous Symbol]                       0x08001764   Section        0  stm32f1xx_hal_dac.o(.text.HAL_DAC_SetValue)
    [Anonymous Symbol]                       0x08001794   Section        0  stm32f1xx_hal_dac.o(.text.HAL_DAC_Start)
    [Anonymous Symbol]                       0x080017f0   Section        0  stm32f1xx_hal.o(.text.HAL_Delay)
    [Anonymous Symbol]                       0x08001818   Section        0  main.o(.text.HAL_GPIO_EXTI_Callback)
    [Anonymous Symbol]                       0x08001890   Section        0  stm32f1xx_hal_gpio.o(.text.HAL_GPIO_EXTI_IRQHandler)
    [Anonymous Symbol]                       0x080018a8   Section        0  stm32f1xx_hal_gpio.o(.text.HAL_GPIO_Init)
    [Anonymous Symbol]                       0x08001aa4   Section        0  stm32f1xx_hal_gpio.o(.text.HAL_GPIO_ReadPin)
    [Anonymous Symbol]                       0x08001ab0   Section        0  stm32f1xx_hal_gpio.o(.text.HAL_GPIO_TogglePin)
    [Anonymous Symbol]                       0x08001ac0   Section        0  stm32f1xx_hal_gpio.o(.text.HAL_GPIO_WritePin)
    [Anonymous Symbol]                       0x08001acc   Section        0  stm32f1xx_hal.o(.text.HAL_GetTick)
    [Anonymous Symbol]                       0x08001ad8   Section        0  stm32f1xx_hal.o(.text.HAL_IncTick)
    [Anonymous Symbol]                       0x08001af4   Section        0  stm32f1xx_hal.o(.text.HAL_Init)
    [Anonymous Symbol]                       0x08001b1c   Section        0  stm32f1xx_hal.o(.text.HAL_InitTick)
    [Anonymous Symbol]                       0x08001b64   Section        0  stm32f1xx_hal_msp.o(.text.HAL_MspInit)
    [Anonymous Symbol]                       0x08001b98   Section        0  stm32f1xx_hal_cortex.o(.text.HAL_NVIC_EnableIRQ)
    [Anonymous Symbol]                       0x08001bc0   Section        0  stm32f1xx_hal_cortex.o(.text.HAL_NVIC_SetPriority)
    [Anonymous Symbol]                       0x08001c18   Section        0  stm32f1xx_hal_cortex.o(.text.HAL_NVIC_SetPriorityGrouping)
    [Anonymous Symbol]                       0x08001c38   Section        0  stm32f1xx_hal_rcc_ex.o(.text.HAL_RCCEx_PeriphCLKConfig)
    [Anonymous Symbol]                       0x08001d44   Section        0  stm32f1xx_hal_rcc.o(.text.HAL_RCC_ClockConfig)
    [Anonymous Symbol]                       0x08001f14   Section        0  stm32f1xx_hal_rcc.o(.text.HAL_RCC_GetPCLK1Freq)
    [Anonymous Symbol]                       0x08001f3c   Section        0  stm32f1xx_hal_rcc.o(.text.HAL_RCC_GetPCLK2Freq)
    [Anonymous Symbol]                       0x08001f64   Section        0  stm32f1xx_hal_rcc.o(.text.HAL_RCC_OscConfig)
    [Anonymous Symbol]                       0x08002318   Section        0  stm32f1xx_hal_cortex.o(.text.HAL_SYSTICK_Config)
    [Anonymous Symbol]                       0x08002344   Section        0  stm32f1xx_hal_tim_ex.o(.text.HAL_TIMEx_BreakCallback)
    [Anonymous Symbol]                       0x08002348   Section        0  stm32f1xx_hal_tim_ex.o(.text.HAL_TIMEx_CommutCallback)
    [Anonymous Symbol]                       0x0800234c   Section        0  stm32f1xx_hal_tim_ex.o(.text.HAL_TIMEx_ConfigBreakDeadTime)
    [Anonymous Symbol]                       0x08002398   Section        0  stm32f1xx_hal_tim_ex.o(.text.HAL_TIMEx_MasterConfigSynchronization)
    [Anonymous Symbol]                       0x0800242c   Section        0  stm32f1xx_hal_tim.o(.text.HAL_TIM_Base_Init)
    [Anonymous Symbol]                       0x08002554   Section        0  stm32f1xx_hal_msp.o(.text.HAL_TIM_Base_MspInit)
    [Anonymous Symbol]                       0x08002604   Section        0  stm32f1xx_hal_tim.o(.text.HAL_TIM_Base_Start_IT)
    [Anonymous Symbol]                       0x0800268c   Section        0  stm32f1xx_hal_tim.o(.text.HAL_TIM_Base_Stop_IT)
    [Anonymous Symbol]                       0x080026c8   Section        0  stm32f1xx_hal_tim.o(.text.HAL_TIM_ConfigClockSource)
    [Anonymous Symbol]                       0x08002864   Section        0  stm32f1xx_hal_tim.o(.text.HAL_TIM_IC_CaptureCallback)
    [Anonymous Symbol]                       0x08002868   Section        0  stm32f1xx_hal_tim.o(.text.HAL_TIM_IRQHandler)
    [Anonymous Symbol]                       0x080029d8   Section        0  stm32f1xx_hal_msp.o(.text.HAL_TIM_MspPostInit)
    [Anonymous Symbol]                       0x08002a28   Section        0  stm32f1xx_hal_tim.o(.text.HAL_TIM_OC_DelayElapsedCallback)
    [Anonymous Symbol]                       0x08002a2c   Section        0  stm32f1xx_hal_tim.o(.text.HAL_TIM_PWM_ConfigChannel)
    [Anonymous Symbol]                       0x08002c90   Section        0  stm32f1xx_hal_tim.o(.text.HAL_TIM_PWM_Init)
    [Anonymous Symbol]                       0x08002db8   Section        0  stm32f1xx_hal_tim.o(.text.HAL_TIM_PWM_MspInit)
    [Anonymous Symbol]                       0x08002dbc   Section        0  stm32f1xx_hal_tim.o(.text.HAL_TIM_PWM_PulseFinishedCallback)
    [Anonymous Symbol]                       0x08002dc0   Section        0  stm32f1xx_hal_tim.o(.text.HAL_TIM_PWM_Start)
    [Anonymous Symbol]                       0x08002ea4   Section        0  stm32f1xx_hal_tim.o(.text.HAL_TIM_PeriodElapsedCallback)
    [Anonymous Symbol]                       0x08002ea8   Section        0  stm32f1xx_hal_tim.o(.text.HAL_TIM_TriggerCallback)
    [Anonymous Symbol]                       0x08002eac   Section        0  stm32f1xx_hal_uart.o(.text.HAL_UART_Init)
    [Anonymous Symbol]                       0x08002f90   Section        0  stm32f1xx_hal_msp.o(.text.HAL_UART_MspInit)
    [Anonymous Symbol]                       0x0800300c   Section        0  stm32f1xx_it.o(.text.HardFault_Handler)
    [Anonymous Symbol]                       0x08003010   Section        0  stm32f1xx_it.o(.text.MemManage_Handler)
    [Anonymous Symbol]                       0x08003014   Section        0  stm32f1xx_it.o(.text.NMI_Handler)
    [Anonymous Symbol]                       0x08003018   Section        0  stm32f1xx_it.o(.text.PendSV_Handler)
    [Anonymous Symbol]                       0x0800301c   Section        0  stm32f1xx_it.o(.text.SVC_Handler)
    [Anonymous Symbol]                       0x08003020   Section        0  main.o(.text.Switch_State_FUN)
    [Anonymous Symbol]                       0x08003674   Section        0  stm32f1xx_it.o(.text.SysTick_Handler)
    [Anonymous Symbol]                       0x08003678   Section        0  system_stm32f1xx.o(.text.SystemInit)
    [Anonymous Symbol]                       0x0800367c   Section        0  stm32f1xx_it.o(.text.TIM6_IRQHandler)
    [Anonymous Symbol]                       0x08003a30   Section        0  stm32f1xx_it.o(.text.TIM7_IRQHandler)
    [Anonymous Symbol]                       0x08003b6c   Section        0  stm32f1xx_it.o(.text.UsageFault_Handler)
    [Anonymous Symbol]                       0x08003b70   Section        0  main.o(.text.Weld_ERROR_Handler)
    [Anonymous Symbol]                       0x08003cb0   Section        0  main.o(.text.main)
    x$fpl$dadd                               0x08004420   Section      336  daddsub_clz.o(x$fpl$dadd)
    _dadd1                                   0x08004431   Thumb Code     0  daddsub_clz.o(x$fpl$dadd)
    x$fpl$dfix                               0x08004570   Section       94  dfix.o(x$fpl$dfix)
    x$fpl$dflt                               0x080045ce   Section       46  dflt_clz.o(x$fpl$dflt)
    x$fpl$dfltu                              0x080045fc   Section       38  dflt_clz.o(x$fpl$dfltu)
    x$fpl$dmul                               0x08004624   Section      340  dmul.o(x$fpl$dmul)
    x$fpl$dnaninf                            0x08004778   Section      156  dnaninf.o(x$fpl$dnaninf)
    x$fpl$dretinf                            0x08004814   Section       12  dretinf.o(x$fpl$dretinf)
    x$fpl$dsub                               0x08004820   Section      476  daddsub_clz.o(x$fpl$dsub)
    _dsub1                                   0x08004831   Thumb Code     0  daddsub_clz.o(x$fpl$dsub)
    x$fpl$ffix                               0x080049fc   Section       54  ffix.o(x$fpl$ffix)
    x$fpl$fflt                               0x08004a34   Section       48  fflt_clz.o(x$fpl$fflt)
    x$fpl$fmul                               0x08004a64   Section      258  fmul.o(x$fpl$fmul)
    x$fpl$fnaninf                            0x08004b66   Section      140  fnaninf.o(x$fpl$fnaninf)
    x$fpl$fretinf                            0x08004bf2   Section       10  fretinf.o(x$fpl$fretinf)
    x$fpl$usenofp                            0x08004bfc   Section        0  usenofp.o(x$fpl$usenofp)
    HAL_RCC_GetSysClockFreq.aPredivFactorTable 0x08005894   Data           2  stm32f1xx_hal_rcc.o(.rodata.HAL_RCC_GetSysClockFreq.aPredivFactorTable)
    [Anonymous Symbol]                       0x08005894   Section        0  stm32f1xx_hal_rcc.o(.rodata.HAL_RCC_GetSysClockFreq.aPredivFactorTable)
    HAL_RCC_GetSysClockFreq.aPLLMULFactorTable 0x08005896   Data          16  stm32f1xx_hal_rcc.o(.rodata.cst16)
    [Anonymous Symbol]                       0x08005896   Section        0  stm32f1xx_hal_rcc.o(.rodata.cst16)
    .L_MergedGlobals                         0x20000000   Data          64  main.o(.data..L_MergedGlobals)
    [Anonymous Symbol]                       0x20000000   Section        0  main.o(.data..L_MergedGlobals)
    .L_MergedGlobals                         0x20000040   Data           5  stm32f1xx_it.o(.data..L_MergedGlobals)
    [Anonymous Symbol]                       0x20000040   Section        0  stm32f1xx_it.o(.data..L_MergedGlobals)
    .L_MergedGlobals                         0x20000048   Data           8  stm32f1xx_hal.o(.data..L_MergedGlobals)
    [Anonymous Symbol]                       0x20000048   Section        0  stm32f1xx_hal.o(.data..L_MergedGlobals)
    .bss                                     0x20000060   Section       96  libspace.o(.bss)
    .L_MergedGlobals.1                       0x200000c0   Data         118  main.o(.bss..L_MergedGlobals.1)
    [Anonymous Symbol]                       0x200000c0   Section        0  main.o(.bss..L_MergedGlobals.1)
    .L_MergedGlobals.1                       0x20000136   Data          22  stm32f1xx_it.o(.bss..L_MergedGlobals.1)
    [Anonymous Symbol]                       0x20000136   Section        0  stm32f1xx_it.o(.bss..L_MergedGlobals.1)
    .L_MergedGlobals.2                       0x2000014c   Data         122  main.o(.bss..L_MergedGlobals.2)
    [Anonymous Symbol]                       0x2000014c   Section        0  main.o(.bss..L_MergedGlobals.2)
    .L_MergedGlobals.3                       0x200001c8   Data         108  main.o(.bss..L_MergedGlobals.3)
    [Anonymous Symbol]                       0x200001c8   Section        0  main.o(.bss..L_MergedGlobals.3)
    .L_MergedGlobals.4                       0x20000234   Data         120  main.o(.bss..L_MergedGlobals.4)
    [Anonymous Symbol]                       0x20000234   Section        0  main.o(.bss..L_MergedGlobals.4)
    Heap_Mem                                 0x20000388   Data         512  startup_stm32f103xe.o(HEAP)
    HEAP                                     0x20000388   Section      512  startup_stm32f103xe.o(HEAP)
    Stack_Mem                                0x20000588   Data        1024  startup_stm32f103xe.o(STACK)
    STACK                                    0x20000588   Section     1024  startup_stm32f103xe.o(STACK)
    __initial_sp                             0x20000988   Data           0  startup_stm32f103xe.o(STACK)

    Global Symbols

    Symbol Name                              Value     Ov Type        Size  Object(Section)

    BuildAttributes$$THM_ISAv4$P$D$K$B$S$PE$A:L22UL41UL21$X:L11$S22US41US21$IEEE1$IW$~IW$USESV6$~STKCKD$USESV7$~SHL$OTIME$ROPI$EBA8$UX$STANDARDLIB$REQ8$PRES8$EABIv2 0x00000000   Number         0  anon$$obj.o ABSOLUTE
    __fp_init_empty                          0x00000000   Number         0  fpinit_empty.o ABSOLUTE
    __ARM_exceptions_init                     - Undefined Weak Reference
    __alloca_initialize                       - Undefined Weak Reference
    __arm_preinit_                            - Undefined Weak Reference
    __arm_relocate_pie_                       - Undefined Weak Reference
    __cpp_initialize__aeabi_                  - Undefined Weak Reference
    __cxa_finalize                            - Undefined Weak Reference
    __rt_locale                               - Undefined Weak Reference
    __sigvec_lookup                           - Undefined Weak Reference
    _atexit_init                              - Undefined Weak Reference
    _call_atexit_fns                          - Undefined Weak Reference
    _clock_init                               - Undefined Weak Reference
    _fp_trap_init                             - Undefined Weak Reference
    _fp_trap_shutdown                         - Undefined Weak Reference
    _get_lc_collate                           - Undefined Weak Reference
    _get_lc_ctype                             - Undefined Weak Reference
    _get_lc_monetary                          - Undefined Weak Reference
    _get_lc_numeric                           - Undefined Weak Reference
    _get_lc_time                              - Undefined Weak Reference
    _getenv_init                              - Undefined Weak Reference
    _handle_redirection                       - Undefined Weak Reference
    _init_alloc                               - Undefined Weak Reference
    _init_user_alloc                          - Undefined Weak Reference
    _initio                                   - Undefined Weak Reference
    _rand_init                                - Undefined Weak Reference
    _signal_finish                            - Undefined Weak Reference
    _signal_init                              - Undefined Weak Reference
    _terminate_alloc                          - Undefined Weak Reference
    _terminate_user_alloc                     - Undefined Weak Reference
    _terminateio                              - Undefined Weak Reference
    __Vectors_Size                           0x00000130   Number         0  startup_stm32f103xe.o ABSOLUTE
    __Vectors                                0x08000000   Data           4  startup_stm32f103xe.o(RESET)
    __Vectors_End                            0x08000130   Data           0  startup_stm32f103xe.o(RESET)
    __main                                   0x08000131   Thumb Code     8  __main.o(!!!main)
    __scatterload                            0x08000139   Thumb Code     0  __scatter.o(!!!scatter)
    __scatterload_rt2                        0x08000139   Thumb Code    44  __scatter.o(!!!scatter)
    __scatterload_rt2_thumb_only             0x08000139   Thumb Code     0  __scatter.o(!!!scatter)
    __scatterload_null                       0x08000147   Thumb Code     0  __scatter.o(!!!scatter)
    __scatterload_copy                       0x0800016d   Thumb Code    26  __scatter_copy.o(!!handler_copy)
    __scatterload_zeroinit                   0x08000189   Thumb Code    28  __scatter_zi.o(!!handler_zi)
    __rt_lib_init                            0x080001a5   Thumb Code     0  libinit.o(.ARM.Collect$$libinit$$00000000)
    __rt_lib_init_alloca_1                   0x080001a7   Thumb Code     0  libinit2.o(.ARM.Collect$$libinit$$00000030)
    __rt_lib_init_argv_1                     0x080001a7   Thumb Code     0  libinit2.o(.ARM.Collect$$libinit$$0000002E)
    __rt_lib_init_atexit_1                   0x080001a7   Thumb Code     0  libinit2.o(.ARM.Collect$$libinit$$0000001D)
    __rt_lib_init_clock_1                    0x080001a7   Thumb Code     0  libinit2.o(.ARM.Collect$$libinit$$00000023)
    __rt_lib_init_cpp_1                      0x080001a7   Thumb Code     0  libinit2.o(.ARM.Collect$$libinit$$00000034)
    __rt_lib_init_exceptions_1               0x080001a7   Thumb Code     0  libinit2.o(.ARM.Collect$$libinit$$00000032)
    __rt_lib_init_fp_1                       0x080001a7   Thumb Code     0  libinit2.o(.ARM.Collect$$libinit$$00000002)
    __rt_lib_init_fp_trap_1                  0x080001a7   Thumb Code     0  libinit2.o(.ARM.Collect$$libinit$$00000021)
    __rt_lib_init_getenv_1                   0x080001a7   Thumb Code     0  libinit2.o(.ARM.Collect$$libinit$$00000025)
    __rt_lib_init_heap_1                     0x080001a7   Thumb Code     0  libinit2.o(.ARM.Collect$$libinit$$0000000C)
    __rt_lib_init_lc_collate_1               0x080001a7   Thumb Code     0  libinit2.o(.ARM.Collect$$libinit$$00000013)
    __rt_lib_init_lc_ctype_1                 0x080001a7   Thumb Code     0  libinit2.o(.ARM.Collect$$libinit$$00000015)
    __rt_lib_init_lc_monetary_1              0x080001a7   Thumb Code     0  libinit2.o(.ARM.Collect$$libinit$$00000017)
    __rt_lib_init_lc_numeric_1               0x080001a7   Thumb Code     0  libinit2.o(.ARM.Collect$$libinit$$00000019)
    __rt_lib_init_lc_time_1                  0x080001a7   Thumb Code     0  libinit2.o(.ARM.Collect$$libinit$$0000001B)
    __rt_lib_init_preinit_1                  0x080001a7   Thumb Code     0  libinit2.o(.ARM.Collect$$libinit$$00000006)
    __rt_lib_init_rand_1                     0x080001a7   Thumb Code     0  libinit2.o(.ARM.Collect$$libinit$$00000010)
    __rt_lib_init_relocate_pie_1             0x080001a7   Thumb Code     0  libinit2.o(.ARM.Collect$$libinit$$00000004)
    __rt_lib_init_return                     0x080001a7   Thumb Code     0  libinit2.o(.ARM.Collect$$libinit$$00000035)
    __rt_lib_init_signal_1                   0x080001a7   Thumb Code     0  libinit2.o(.ARM.Collect$$libinit$$0000001F)
    __rt_lib_init_stdio_1                    0x080001a7   Thumb Code     0  libinit2.o(.ARM.Collect$$libinit$$00000027)
    __rt_lib_init_user_alloc_1               0x080001a7   Thumb Code     0  libinit2.o(.ARM.Collect$$libinit$$0000000E)
    __rt_lib_shutdown                        0x080001a9   Thumb Code     0  libshutdown.o(.ARM.Collect$$libshutdown$$00000000)
    __rt_lib_shutdown_cpp_1                  0x080001ab   Thumb Code     0  libshutdown2.o(.ARM.Collect$$libshutdown$$00000002)
    __rt_lib_shutdown_fp_trap_1              0x080001ab   Thumb Code     0  libshutdown2.o(.ARM.Collect$$libshutdown$$00000007)
    __rt_lib_shutdown_heap_1                 0x080001ab   Thumb Code     0  libshutdown2.o(.ARM.Collect$$libshutdown$$0000000F)
    __rt_lib_shutdown_return                 0x080001ab   Thumb Code     0  libshutdown2.o(.ARM.Collect$$libshutdown$$00000010)
    __rt_lib_shutdown_signal_1               0x080001ab   Thumb Code     0  libshutdown2.o(.ARM.Collect$$libshutdown$$0000000A)
    __rt_lib_shutdown_stdio_1                0x080001ab   Thumb Code     0  libshutdown2.o(.ARM.Collect$$libshutdown$$00000004)
    __rt_lib_shutdown_user_alloc_1           0x080001ab   Thumb Code     0  libshutdown2.o(.ARM.Collect$$libshutdown$$0000000C)
    __rt_entry                               0x080001ad   Thumb Code     0  __rtentry.o(.ARM.Collect$$rtentry$$00000000)
    __rt_entry_presh_1                       0x080001ad   Thumb Code     0  __rtentry2.o(.ARM.Collect$$rtentry$$00000002)
    __rt_entry_sh                            0x080001ad   Thumb Code     0  __rtentry4.o(.ARM.Collect$$rtentry$$00000004)
    __rt_entry_li                            0x080001b3   Thumb Code     0  __rtentry2.o(.ARM.Collect$$rtentry$$0000000A)
    __rt_entry_postsh_1                      0x080001b3   Thumb Code     0  __rtentry2.o(.ARM.Collect$$rtentry$$00000009)
    __rt_entry_main                          0x080001b7   Thumb Code     0  __rtentry2.o(.ARM.Collect$$rtentry$$0000000D)
    __rt_entry_postli_1                      0x080001b7   Thumb Code     0  __rtentry2.o(.ARM.Collect$$rtentry$$0000000C)
    __rt_exit                                0x080001bf   Thumb Code     0  rtexit.o(.ARM.Collect$$rtexit$$00000000)
    __rt_exit_ls                             0x080001c1   Thumb Code     0  rtexit2.o(.ARM.Collect$$rtexit$$00000003)
    __rt_exit_prels_1                        0x080001c1   Thumb Code     0  rtexit2.o(.ARM.Collect$$rtexit$$00000002)
    __rt_exit_exit                           0x080001c5   Thumb Code     0  rtexit2.o(.ARM.Collect$$rtexit$$00000004)
    Reset_Handler                            0x080001cd   Thumb Code     8  startup_stm32f103xe.o(.text)
    ADC1_2_IRQHandler                        0x080001e7   Thumb Code     0  startup_stm32f103xe.o(.text)
    ADC3_IRQHandler                          0x080001e7   Thumb Code     0  startup_stm32f103xe.o(.text)
    CAN1_RX1_IRQHandler                      0x080001e7   Thumb Code     0  startup_stm32f103xe.o(.text)
    CAN1_SCE_IRQHandler                      0x080001e7   Thumb Code     0  startup_stm32f103xe.o(.text)
    DMA1_Channel1_IRQHandler                 0x080001e7   Thumb Code     0  startup_stm32f103xe.o(.text)
    DMA1_Channel2_IRQHandler                 0x080001e7   Thumb Code     0  startup_stm32f103xe.o(.text)
    DMA1_Channel3_IRQHandler                 0x080001e7   Thumb Code     0  startup_stm32f103xe.o(.text)
    DMA1_Channel4_IRQHandler                 0x080001e7   Thumb Code     0  startup_stm32f103xe.o(.text)
    DMA1_Channel5_IRQHandler                 0x080001e7   Thumb Code     0  startup_stm32f103xe.o(.text)
    DMA1_Channel6_IRQHandler                 0x080001e7   Thumb Code     0  startup_stm32f103xe.o(.text)
    DMA1_Channel7_IRQHandler                 0x080001e7   Thumb Code     0  startup_stm32f103xe.o(.text)
    DMA2_Channel1_IRQHandler                 0x080001e7   Thumb Code     0  startup_stm32f103xe.o(.text)
    DMA2_Channel2_IRQHandler                 0x080001e7   Thumb Code     0  startup_stm32f103xe.o(.text)
    DMA2_Channel3_IRQHandler                 0x080001e7   Thumb Code     0  startup_stm32f103xe.o(.text)
    DMA2_Channel4_5_IRQHandler               0x080001e7   Thumb Code     0  startup_stm32f103xe.o(.text)
    EXTI0_IRQHandler                         0x080001e7   Thumb Code     0  startup_stm32f103xe.o(.text)
    EXTI1_IRQHandler                         0x080001e7   Thumb Code     0  startup_stm32f103xe.o(.text)
    EXTI2_IRQHandler                         0x080001e7   Thumb Code     0  startup_stm32f103xe.o(.text)
    EXTI3_IRQHandler                         0x080001e7   Thumb Code     0  startup_stm32f103xe.o(.text)
    EXTI4_IRQHandler                         0x080001e7   Thumb Code     0  startup_stm32f103xe.o(.text)
    EXTI9_5_IRQHandler                       0x080001e7   Thumb Code     0  startup_stm32f103xe.o(.text)
    FLASH_IRQHandler                         0x080001e7   Thumb Code     0  startup_stm32f103xe.o(.text)
    FSMC_IRQHandler                          0x080001e7   Thumb Code     0  startup_stm32f103xe.o(.text)
    I2C1_ER_IRQHandler                       0x080001e7   Thumb Code     0  startup_stm32f103xe.o(.text)
    I2C1_EV_IRQHandler                       0x080001e7   Thumb Code     0  startup_stm32f103xe.o(.text)
    I2C2_ER_IRQHandler                       0x080001e7   Thumb Code     0  startup_stm32f103xe.o(.text)
    I2C2_EV_IRQHandler                       0x080001e7   Thumb Code     0  startup_stm32f103xe.o(.text)
    PVD_IRQHandler                           0x080001e7   Thumb Code     0  startup_stm32f103xe.o(.text)
    RCC_IRQHandler                           0x080001e7   Thumb Code     0  startup_stm32f103xe.o(.text)
    RTC_Alarm_IRQHandler                     0x080001e7   Thumb Code     0  startup_stm32f103xe.o(.text)
    RTC_IRQHandler                           0x080001e7   Thumb Code     0  startup_stm32f103xe.o(.text)
    SDIO_IRQHandler                          0x080001e7   Thumb Code     0  startup_stm32f103xe.o(.text)
    SPI1_IRQHandler                          0x080001e7   Thumb Code     0  startup_stm32f103xe.o(.text)
    SPI2_IRQHandler                          0x080001e7   Thumb Code     0  startup_stm32f103xe.o(.text)
    SPI3_IRQHandler                          0x080001e7   Thumb Code     0  startup_stm32f103xe.o(.text)
    TAMPER_IRQHandler                        0x080001e7   Thumb Code     0  startup_stm32f103xe.o(.text)
    TIM1_BRK_IRQHandler                      0x080001e7   Thumb Code     0  startup_stm32f103xe.o(.text)
    TIM1_CC_IRQHandler                       0x080001e7   Thumb Code     0  startup_stm32f103xe.o(.text)
    TIM1_TRG_COM_IRQHandler                  0x080001e7   Thumb Code     0  startup_stm32f103xe.o(.text)
    TIM1_UP_IRQHandler                       0x080001e7   Thumb Code     0  startup_stm32f103xe.o(.text)
    TIM2_IRQHandler                          0x080001e7   Thumb Code     0  startup_stm32f103xe.o(.text)
    TIM3_IRQHandler                          0x080001e7   Thumb Code     0  startup_stm32f103xe.o(.text)
    TIM4_IRQHandler                          0x080001e7   Thumb Code     0  startup_stm32f103xe.o(.text)
    TIM5_IRQHandler                          0x080001e7   Thumb Code     0  startup_stm32f103xe.o(.text)
    TIM8_BRK_IRQHandler                      0x080001e7   Thumb Code     0  startup_stm32f103xe.o(.text)
    TIM8_CC_IRQHandler                       0x080001e7   Thumb Code     0  startup_stm32f103xe.o(.text)
    TIM8_TRG_COM_IRQHandler                  0x080001e7   Thumb Code     0  startup_stm32f103xe.o(.text)
    TIM8_UP_IRQHandler                       0x080001e7   Thumb Code     0  startup_stm32f103xe.o(.text)
    UART4_IRQHandler                         0x080001e7   Thumb Code     0  startup_stm32f103xe.o(.text)
    UART5_IRQHandler                         0x080001e7   Thumb Code     0  startup_stm32f103xe.o(.text)
    USART1_IRQHandler                        0x080001e7   Thumb Code     0  startup_stm32f103xe.o(.text)
    USART2_IRQHandler                        0x080001e7   Thumb Code     0  startup_stm32f103xe.o(.text)
    USART3_IRQHandler                        0x080001e7   Thumb Code     0  startup_stm32f103xe.o(.text)
    USBWakeUp_IRQHandler                     0x080001e7   Thumb Code     0  startup_stm32f103xe.o(.text)
    USB_HP_CAN1_TX_IRQHandler                0x080001e7   Thumb Code     0  startup_stm32f103xe.o(.text)
    USB_LP_CAN1_RX0_IRQHandler               0x080001e7   Thumb Code     0  startup_stm32f103xe.o(.text)
    WWDG_IRQHandler                          0x080001e7   Thumb Code     0  startup_stm32f103xe.o(.text)
    __user_initial_stackheap                 0x080001e9   Thumb Code     0  startup_stm32f103xe.o(.text)
    __use_two_region_memory                  0x0800020d   Thumb Code     2  heapauxi.o(.text)
    __rt_heap_escrow$2region                 0x0800020f   Thumb Code     2  heapauxi.o(.text)
    __rt_heap_expand$2region                 0x08000211   Thumb Code     2  heapauxi.o(.text)
    __user_setup_stackheap                   0x08000213   Thumb Code    74  sys_stackheap_outer.o(.text)
    exit                                     0x0800025d   Thumb Code    18  exit.o(.text)
    __user_libspace                          0x08000271   Thumb Code     8  libspace.o(.text)
    __user_perproc_libspace                  0x08000271   Thumb Code     0  libspace.o(.text)
    __user_perthread_libspace                0x08000271   Thumb Code     0  libspace.o(.text)
    _sys_exit                                0x08000279   Thumb Code     8  sys_exit.o(.text)
    __I$use$semihosting                      0x08000285   Thumb Code     0  use_no_semi.o(.text)
    __use_no_semihosting_swi                 0x08000285   Thumb Code     2  use_no_semi.o(.text)
    __semihosting_library_function           0x08000287   Thumb Code     0  indicate_semi.o(.text)
    ADC_Enable                               0x08000289   Thumb Code   182  stm32f1xx_hal_adc.o(.text.ADC_Enable)
    BusFault_Handler                         0x08000341   Thumb Code     2  stm32f1xx_it.o(.text.BusFault_Handler)
    DebugMon_Handler                         0x08000345   Thumb Code     2  stm32f1xx_it.o(.text.DebugMon_Handler)
    EXTI15_10_IRQHandler                     0x08000349   Thumb Code     8  stm32f1xx_it.o(.text.EXTI15_10_IRQHandler)
    Get_FB_FUN                               0x08000351   Thumb Code  1400  main.o(.text.Get_FB_FUN)
    Get_SP_FUN                               0x080008c9   Thumb Code  1414  main.o(.text.Get_SP_FUN)
    Get_State_FUN                            0x08000e51   Thumb Code    92  main.o(.text.Get_State_FUN)
    HAL_ADCEx_InjectedConfigChannel          0x08000ead   Thumb Code   588  stm32f1xx_hal_adc_ex.o(.text.HAL_ADCEx_InjectedConfigChannel)
    HAL_ADCEx_InjectedGetValue               0x080010f9   Thumb Code    40  stm32f1xx_hal_adc_ex.o(.text.HAL_ADCEx_InjectedGetValue)
    HAL_ADCEx_InjectedStart                  0x08001121   Thumb Code   176  stm32f1xx_hal_adc_ex.o(.text.HAL_ADCEx_InjectedStart)
    HAL_ADC_ConfigChannel                    0x080011d1   Thumb Code   396  stm32f1xx_hal_adc.o(.text.HAL_ADC_ConfigChannel)
    HAL_ADC_GetValue                         0x0800135d   Thumb Code     6  stm32f1xx_hal_adc.o(.text.HAL_ADC_GetValue)
    HAL_ADC_Init                             0x08001365   Thumb Code   368  stm32f1xx_hal_adc.o(.text.HAL_ADC_Init)
    HAL_ADC_MspInit                          0x080014d5   Thumb Code   220  stm32f1xx_hal_msp.o(.text.HAL_ADC_MspInit)
    HAL_ADC_Start                            0x080015b1   Thumb Code   204  stm32f1xx_hal_adc.o(.text.HAL_ADC_Start)
    HAL_DAC_ConfigChannel                    0x0800167d   Thumb Code    94  stm32f1xx_hal_dac.o(.text.HAL_DAC_ConfigChannel)
    HAL_DAC_Init                             0x080016dd   Thumb Code    40  stm32f1xx_hal_dac.o(.text.HAL_DAC_Init)
    HAL_DAC_MspInit                          0x08001705   Thumb Code    94  stm32f1xx_hal_msp.o(.text.HAL_DAC_MspInit)
    HAL_DAC_SetValue                         0x08001765   Thumb Code    46  stm32f1xx_hal_dac.o(.text.HAL_DAC_SetValue)
    HAL_DAC_Start                            0x08001795   Thumb Code    92  stm32f1xx_hal_dac.o(.text.HAL_DAC_Start)
    HAL_Delay                                0x080017f1   Thumb Code    40  stm32f1xx_hal.o(.text.HAL_Delay)
    HAL_GPIO_EXTI_Callback                   0x08001819   Thumb Code   118  main.o(.text.HAL_GPIO_EXTI_Callback)
    HAL_GPIO_EXTI_IRQHandler                 0x08001891   Thumb Code    22  stm32f1xx_hal_gpio.o(.text.HAL_GPIO_EXTI_IRQHandler)
    HAL_GPIO_Init                            0x080018a9   Thumb Code   506  stm32f1xx_hal_gpio.o(.text.HAL_GPIO_Init)
    HAL_GPIO_ReadPin                         0x08001aa5   Thumb Code    10  stm32f1xx_hal_gpio.o(.text.HAL_GPIO_ReadPin)
    HAL_GPIO_TogglePin                       0x08001ab1   Thumb Code    16  stm32f1xx_hal_gpio.o(.text.HAL_GPIO_TogglePin)
    HAL_GPIO_WritePin                        0x08001ac1   Thumb Code    10  stm32f1xx_hal_gpio.o(.text.HAL_GPIO_WritePin)
    HAL_GetTick                              0x08001acd   Thumb Code    12  stm32f1xx_hal.o(.text.HAL_GetTick)
    HAL_IncTick                              0x08001ad9   Thumb Code    26  stm32f1xx_hal.o(.text.HAL_IncTick)
    HAL_Init                                 0x08001af5   Thumb Code    38  stm32f1xx_hal.o(.text.HAL_Init)
    HAL_InitTick                             0x08001b1d   Thumb Code    72  stm32f1xx_hal.o(.text.HAL_InitTick)
    HAL_MspInit                              0x08001b65   Thumb Code    50  stm32f1xx_hal_msp.o(.text.HAL_MspInit)
    HAL_NVIC_EnableIRQ                       0x08001b99   Thumb Code    38  stm32f1xx_hal_cortex.o(.text.HAL_NVIC_EnableIRQ)
    HAL_NVIC_SetPriority                     0x08001bc1   Thumb Code    86  stm32f1xx_hal_cortex.o(.text.HAL_NVIC_SetPriority)
    HAL_NVIC_SetPriorityGrouping             0x08001c19   Thumb Code    32  stm32f1xx_hal_cortex.o(.text.HAL_NVIC_SetPriorityGrouping)
    HAL_RCCEx_PeriphCLKConfig                0x08001c39   Thumb Code   266  stm32f1xx_hal_rcc_ex.o(.text.HAL_RCCEx_PeriphCLKConfig)
    HAL_RCC_ClockConfig                      0x08001d45   Thumb Code   462  stm32f1xx_hal_rcc.o(.text.HAL_RCC_ClockConfig)
    HAL_RCC_GetPCLK1Freq                     0x08001f15   Thumb Code    38  stm32f1xx_hal_rcc.o(.text.HAL_RCC_GetPCLK1Freq)
    HAL_RCC_GetPCLK2Freq                     0x08001f3d   Thumb Code    38  stm32f1xx_hal_rcc.o(.text.HAL_RCC_GetPCLK2Freq)
    HAL_RCC_OscConfig                        0x08001f65   Thumb Code   948  stm32f1xx_hal_rcc.o(.text.HAL_RCC_OscConfig)
    HAL_SYSTICK_Config                       0x08002319   Thumb Code    44  stm32f1xx_hal_cortex.o(.text.HAL_SYSTICK_Config)
    HAL_TIMEx_BreakCallback                  0x08002345   Thumb Code     2  stm32f1xx_hal_tim_ex.o(.text.HAL_TIMEx_BreakCallback)
    HAL_TIMEx_CommutCallback                 0x08002349   Thumb Code     2  stm32f1xx_hal_tim_ex.o(.text.HAL_TIMEx_CommutCallback)
    HAL_TIMEx_ConfigBreakDeadTime            0x0800234d   Thumb Code    76  stm32f1xx_hal_tim_ex.o(.text.HAL_TIMEx_ConfigBreakDeadTime)
    HAL_TIMEx_MasterConfigSynchronization    0x08002399   Thumb Code   146  stm32f1xx_hal_tim_ex.o(.text.HAL_TIMEx_MasterConfigSynchronization)
    HAL_TIM_Base_Init                        0x0800242d   Thumb Code   294  stm32f1xx_hal_tim.o(.text.HAL_TIM_Base_Init)
    HAL_TIM_Base_MspInit                     0x08002555   Thumb Code   176  stm32f1xx_hal_msp.o(.text.HAL_TIM_Base_MspInit)
    HAL_TIM_Base_Start_IT                    0x08002605   Thumb Code   134  stm32f1xx_hal_tim.o(.text.HAL_TIM_Base_Start_IT)
    HAL_TIM_Base_Stop_IT                     0x0800268d   Thumb Code    60  stm32f1xx_hal_tim.o(.text.HAL_TIM_Base_Stop_IT)
    HAL_TIM_ConfigClockSource                0x080026c9   Thumb Code   412  stm32f1xx_hal_tim.o(.text.HAL_TIM_ConfigClockSource)
    HAL_TIM_IC_CaptureCallback               0x08002865   Thumb Code     2  stm32f1xx_hal_tim.o(.text.HAL_TIM_IC_CaptureCallback)
    HAL_TIM_IRQHandler                       0x08002869   Thumb Code   368  stm32f1xx_hal_tim.o(.text.HAL_TIM_IRQHandler)
    HAL_TIM_MspPostInit                      0x080029d9   Thumb Code    80  stm32f1xx_hal_msp.o(.text.HAL_TIM_MspPostInit)
    HAL_TIM_OC_DelayElapsedCallback          0x08002a29   Thumb Code     2  stm32f1xx_hal_tim.o(.text.HAL_TIM_OC_DelayElapsedCallback)
    HAL_TIM_PWM_ConfigChannel                0x08002a2d   Thumb Code   610  stm32f1xx_hal_tim.o(.text.HAL_TIM_PWM_ConfigChannel)
    HAL_TIM_PWM_Init                         0x08002c91   Thumb Code   294  stm32f1xx_hal_tim.o(.text.HAL_TIM_PWM_Init)
    HAL_TIM_PWM_MspInit                      0x08002db9   Thumb Code     2  stm32f1xx_hal_tim.o(.text.HAL_TIM_PWM_MspInit)
    HAL_TIM_PWM_PulseFinishedCallback        0x08002dbd   Thumb Code     2  stm32f1xx_hal_tim.o(.text.HAL_TIM_PWM_PulseFinishedCallback)
    HAL_TIM_PWM_Start                        0x08002dc1   Thumb Code   226  stm32f1xx_hal_tim.o(.text.HAL_TIM_PWM_Start)
    HAL_TIM_PeriodElapsedCallback            0x08002ea5   Thumb Code     2  stm32f1xx_hal_tim.o(.text.HAL_TIM_PeriodElapsedCallback)
    HAL_TIM_TriggerCallback                  0x08002ea9   Thumb Code     2  stm32f1xx_hal_tim.o(.text.HAL_TIM_TriggerCallback)
    HAL_UART_Init                            0x08002ead   Thumb Code   226  stm32f1xx_hal_uart.o(.text.HAL_UART_Init)
    HAL_UART_MspInit                         0x08002f91   Thumb Code   122  stm32f1xx_hal_msp.o(.text.HAL_UART_MspInit)
    HardFault_Handler                        0x0800300d   Thumb Code     2  stm32f1xx_it.o(.text.HardFault_Handler)
    MemManage_Handler                        0x08003011   Thumb Code     2  stm32f1xx_it.o(.text.MemManage_Handler)
    NMI_Handler                              0x08003015   Thumb Code     2  stm32f1xx_it.o(.text.NMI_Handler)
    PendSV_Handler                           0x08003019   Thumb Code     2  stm32f1xx_it.o(.text.PendSV_Handler)
    SVC_Handler                              0x0800301d   Thumb Code     2  stm32f1xx_it.o(.text.SVC_Handler)
    Switch_State_FUN                         0x08003021   Thumb Code  1620  main.o(.text.Switch_State_FUN)
    SysTick_Handler                          0x08003675   Thumb Code     4  stm32f1xx_it.o(.text.SysTick_Handler)
    SystemInit                               0x08003679   Thumb Code     2  system_stm32f1xx.o(.text.SystemInit)
    TIM6_IRQHandler                          0x0800367d   Thumb Code   946  stm32f1xx_it.o(.text.TIM6_IRQHandler)
    TIM7_IRQHandler                          0x08003a31   Thumb Code   314  stm32f1xx_it.o(.text.TIM7_IRQHandler)
    UsageFault_Handler                       0x08003b6d   Thumb Code     2  stm32f1xx_it.o(.text.UsageFault_Handler)
    Weld_ERROR_Handler                       0x08003b71   Thumb Code   320  main.o(.text.Weld_ERROR_Handler)
    main                                     0x08003cb1   Thumb Code  1902  main.o(.text.main)
    __aeabi_dadd                             0x08004421   Thumb Code     0  daddsub_clz.o(x$fpl$dadd)
    _dadd                                    0x08004421   Thumb Code   332  daddsub_clz.o(x$fpl$dadd)
    __aeabi_d2iz                             0x08004571   Thumb Code     0  dfix.o(x$fpl$dfix)
    _dfix                                    0x08004571   Thumb Code    94  dfix.o(x$fpl$dfix)
    __aeabi_i2d                              0x080045cf   Thumb Code     0  dflt_clz.o(x$fpl$dflt)
    _dflt                                    0x080045cf   Thumb Code    46  dflt_clz.o(x$fpl$dflt)
    __aeabi_ui2d                             0x080045fd   Thumb Code     0  dflt_clz.o(x$fpl$dfltu)
    _dfltu                                   0x080045fd   Thumb Code    38  dflt_clz.o(x$fpl$dfltu)
    __aeabi_dmul                             0x08004625   Thumb Code     0  dmul.o(x$fpl$dmul)
    _dmul                                    0x08004625   Thumb Code   332  dmul.o(x$fpl$dmul)
    __fpl_dnaninf                            0x08004779   Thumb Code   156  dnaninf.o(x$fpl$dnaninf)
    __fpl_dretinf                            0x08004815   Thumb Code    12  dretinf.o(x$fpl$dretinf)
    __aeabi_dsub                             0x08004821   Thumb Code     0  daddsub_clz.o(x$fpl$dsub)
    _dsub                                    0x08004821   Thumb Code   472  daddsub_clz.o(x$fpl$dsub)
    __aeabi_f2iz                             0x080049fd   Thumb Code     0  ffix.o(x$fpl$ffix)
    _ffix                                    0x080049fd   Thumb Code    54  ffix.o(x$fpl$ffix)
    __aeabi_i2f                              0x08004a35   Thumb Code     0  fflt_clz.o(x$fpl$fflt)
    _fflt                                    0x08004a35   Thumb Code    48  fflt_clz.o(x$fpl$fflt)
    __aeabi_fmul                             0x08004a65   Thumb Code     0  fmul.o(x$fpl$fmul)
    _fmul                                    0x08004a65   Thumb Code   258  fmul.o(x$fpl$fmul)
    __fpl_fnaninf                            0x08004b67   Thumb Code   140  fnaninf.o(x$fpl$fnaninf)
    __fpl_fretinf                            0x08004bf3   Thumb Code    10  fretinf.o(x$fpl$fretinf)
    AHBPrescTable                            0x08004bfc   Data          16  system_stm32f1xx.o(.rodata.AHBPrescTable)
    __I$use$fp                               0x08004bfc   Number         0  usenofp.o(x$fpl$usenofp)
    APBPrescTable                            0x08004c0c   Data           8  system_stm32f1xx.o(.rodata.APBPrescTable)
    GMAW_Flux_CO2_12_Inductor                0x08004c14   Data          50  weld_struct.o(.rodata.GMAW_Flux_CO2_12_Inductor)
    GMAW_Flux_CO2_12_Speed                   0x08004c46   Data         100  weld_struct.o(.rodata.GMAW_Flux_CO2_12_Speed)
    GMAW_Flux_CO2_12_VSLOPE                  0x08004caa   Data          50  weld_struct.o(.rodata.GMAW_Flux_CO2_12_VSLOPE)
    GMAW_Flux_CO2_12_Vc                      0x08004cdc   Data         100  weld_struct.o(.rodata.GMAW_Flux_CO2_12_Vc)
    GMAW_Flux_CO2_12_Volt                    0x08004d40   Data         100  weld_struct.o(.rodata.GMAW_Flux_CO2_12_Volt)
    GMAW_Flux_CO2_16_Inductor                0x08004da4   Data          50  weld_struct.o(.rodata.GMAW_Flux_CO2_16_Inductor)
    GMAW_Flux_CO2_16_Speed                   0x08004dd6   Data         100  weld_struct.o(.rodata.GMAW_Flux_CO2_16_Speed)
    GMAW_Flux_CO2_16_VSLOPE                  0x08004e3a   Data          50  weld_struct.o(.rodata.GMAW_Flux_CO2_16_VSLOPE)
    GMAW_Flux_CO2_16_Vc                      0x08004e6c   Data         100  weld_struct.o(.rodata.GMAW_Flux_CO2_16_Vc)
    GMAW_Flux_CO2_16_Volt                    0x08004ed0   Data         100  weld_struct.o(.rodata.GMAW_Flux_CO2_16_Volt)
    GMAW_Wave_CO2_10_Inductor                0x08004f34   Data          50  weld_struct.o(.rodata.GMAW_Wave_CO2_10_Inductor)
    GMAW_Wave_CO2_10_Speed                   0x08004f66   Data         100  weld_struct.o(.rodata.GMAW_Wave_CO2_10_Speed)
    GMAW_Wave_CO2_10_VSLOPE                  0x08004fca   Data          50  weld_struct.o(.rodata.GMAW_Wave_CO2_10_VSLOPE)
    GMAW_Wave_CO2_10_Vc                      0x08004ffc   Data         100  weld_struct.o(.rodata.GMAW_Wave_CO2_10_Vc)
    GMAW_Wave_CO2_10_Volt                    0x08005060   Data         100  weld_struct.o(.rodata.GMAW_Wave_CO2_10_Volt)
    GMAW_Wave_CO2_12_Inductor                0x080050c4   Data          50  weld_struct.o(.rodata.GMAW_Wave_CO2_12_Inductor)
    GMAW_Wave_CO2_12_Speed                   0x080050f6   Data         100  weld_struct.o(.rodata.GMAW_Wave_CO2_12_Speed)
    GMAW_Wave_CO2_12_VSLOPE                  0x0800515a   Data          50  weld_struct.o(.rodata.GMAW_Wave_CO2_12_VSLOPE)
    GMAW_Wave_CO2_12_Vc                      0x0800518c   Data         100  weld_struct.o(.rodata.GMAW_Wave_CO2_12_Vc)
    GMAW_Wave_CO2_12_Volt                    0x080051f0   Data         100  weld_struct.o(.rodata.GMAW_Wave_CO2_12_Volt)
    GMAW_Wave_CO2_16_Inductor                0x08005254   Data          50  weld_struct.o(.rodata.GMAW_Wave_CO2_16_Inductor)
    GMAW_Wave_CO2_16_Speed                   0x08005286   Data         100  weld_struct.o(.rodata.GMAW_Wave_CO2_16_Speed)
    GMAW_Wave_CO2_16_VSLOPE                  0x080052ea   Data          50  weld_struct.o(.rodata.GMAW_Wave_CO2_16_VSLOPE)
    GMAW_Wave_CO2_16_Vc                      0x0800531c   Data         100  weld_struct.o(.rodata.GMAW_Wave_CO2_16_Vc)
    GMAW_Wave_CO2_16_Volt                    0x08005380   Data         100  weld_struct.o(.rodata.GMAW_Wave_CO2_16_Volt)
    GMAW_Wave_MAG_10_Inductor                0x080053e4   Data          50  weld_struct.o(.rodata.GMAW_Wave_MAG_10_Inductor)
    GMAW_Wave_MAG_10_Speed                   0x08005416   Data         100  weld_struct.o(.rodata.GMAW_Wave_MAG_10_Speed)
    GMAW_Wave_MAG_10_VSLOPE                  0x0800547a   Data          50  weld_struct.o(.rodata.GMAW_Wave_MAG_10_VSLOPE)
    GMAW_Wave_MAG_10_Vc                      0x080054ac   Data         100  weld_struct.o(.rodata.GMAW_Wave_MAG_10_Vc)
    GMAW_Wave_MAG_10_Volt                    0x08005510   Data         100  weld_struct.o(.rodata.GMAW_Wave_MAG_10_Volt)
    GMAW_Wave_MAG_12_Inductor                0x08005574   Data          50  weld_struct.o(.rodata.GMAW_Wave_MAG_12_Inductor)
    GMAW_Wave_MAG_12_Speed                   0x080055a6   Data         100  weld_struct.o(.rodata.GMAW_Wave_MAG_12_Speed)
    GMAW_Wave_MAG_12_VSLOPE                  0x0800560a   Data          50  weld_struct.o(.rodata.GMAW_Wave_MAG_12_VSLOPE)
    GMAW_Wave_MAG_12_Vc                      0x0800563c   Data         100  weld_struct.o(.rodata.GMAW_Wave_MAG_12_Vc)
    GMAW_Wave_MAG_12_Volt                    0x080056a0   Data         100  weld_struct.o(.rodata.GMAW_Wave_MAG_12_Volt)
    GMAW_Wave_MAG_16_Inductor                0x08005704   Data          50  weld_struct.o(.rodata.GMAW_Wave_MAG_16_Inductor)
    GMAW_Wave_MAG_16_Speed                   0x08005736   Data         100  weld_struct.o(.rodata.GMAW_Wave_MAG_16_Speed)
    GMAW_Wave_MAG_16_VSLOPE                  0x0800579a   Data          50  weld_struct.o(.rodata.GMAW_Wave_MAG_16_VSLOPE)
    GMAW_Wave_MAG_16_Vc                      0x080057cc   Data         100  weld_struct.o(.rodata.GMAW_Wave_MAG_16_Vc)
    GMAW_Wave_MAG_16_Volt                    0x08005830   Data         100  weld_struct.o(.rodata.GMAW_Wave_MAG_16_Volt)
    Region$$Table$$Base                      0x080058a8   Number         0  anon$$obj.o(Region$$Table)
    Region$$Table$$Limit                     0x080058c8   Number         0  anon$$obj.o(Region$$Table)
    Tasks_Max                                0x20000000   Data           1  main.o(.data..L_MergedGlobals)
    Task_Comps                               0x20000004   Data          60  main.o(.data..L_MergedGlobals)
    FPWM_Freq_Signal                         0x20000040   Data           1  stm32f1xx_it.o(.data..L_MergedGlobals)
    FPWM_Freq_Div                            0x20000041   Data           1  stm32f1xx_it.o(.data..L_MergedGlobals)
    TM3_Gap                                  0x20000042   Data           1  stm32f1xx_it.o(.data..L_MergedGlobals)
    SMPL                                     0x20000043   Data           1  stm32f1xx_it.o(.data..L_MergedGlobals)
    TM3_max                                  0x20000044   Data           1  stm32f1xx_it.o(.data..L_MergedGlobals)
    uwTickFreq                               0x20000048   Data           1  stm32f1xx_hal.o(.data..L_MergedGlobals)
    uwTickPrio                               0x2000004c   Data           4  stm32f1xx_hal.o(.data..L_MergedGlobals)
    PWM_Set                                  0x20000050   Data           1  main.o(.data.PWM_Set)
    SystemCoreClock                          0x20000054   Data           4  system_stm32f1xx.o(.data.SystemCoreClock)
    Wave_control_signal                      0x20000058   Data           1  main.o(.data.Wave_control_signal)
    __libspace_start                         0x20000060   Data          96  libspace.o(.bss)
    PWMON_State                              0x200000c0   Data           1  main.o(.bss..L_MergedGlobals.1)
    __temporary_stack_top$libspace           0x200000c0   Data           0  libspace.o(.bss)
    FPWM_State                               0x200000c1   Data           1  main.o(.bss..L_MergedGlobals.1)
    DA_State                                 0x200000c2   Data           1  main.o(.bss..L_MergedGlobals.1)
    IO_Set                                   0x200000c3   Data           1  main.o(.bss..L_MergedGlobals.1)
    SA_State                                 0x200000c4   Data           1  main.o(.bss..L_MergedGlobals.1)
    UP_edge_signal                           0x200000c5   Data           1  main.o(.bss..L_MergedGlobals.1)
    DOWN_edge_signal                         0x200000c6   Data           1  main.o(.bss..L_MergedGlobals.1)
    Short_circuit_signal                     0x200000c7   Data           1  main.o(.bss..L_MergedGlobals.1)
    Weld_Wire_Set                            0x200000c8   Data           1  main.o(.bss..L_MergedGlobals.1)
    FEED_SLOW_Signal                         0x200000c9   Data           1  main.o(.bss..L_MergedGlobals.1)
    FEED_Growth_Signal                       0x200000ca   Data           1  main.o(.bss..L_MergedGlobals.1)
    HQ_Detec_Back                            0x200000cb   Data           1  main.o(.bss..L_MergedGlobals.1)
    JS_Detec_Back                            0x200000cc   Data           1  main.o(.bss..L_MergedGlobals.1)
    ICOK_Detec_Back                          0x200000cd   Data           1  main.o(.bss..L_MergedGlobals.1)
    HQ_state_temp                            0x200000ce   Data           1  main.o(.bss..L_MergedGlobals.1)
    JS_state_temp                            0x200000cf   Data           1  main.o(.bss..L_MergedGlobals.1)
    ICOK_state_temp                          0x200000d0   Data           1  main.o(.bss..L_MergedGlobals.1)
    IOSP_IT                                  0x200000d1   Data           1  main.o(.bss..L_MergedGlobals.1)
    IOFB_IT                                  0x200000d2   Data           1  main.o(.bss..L_MergedGlobals.1)
    res_count                                0x200000d3   Data           1  main.o(.bss..L_MergedGlobals.1)
    SA_Prev                                  0x200000d4   Data           1  main.o(.bss..L_MergedGlobals.1)
    Error_Code                               0x200000d5   Data           1  main.o(.bss..L_MergedGlobals.1)
    inter_arc_signal                         0x200000d6   Data           1  main.o(.bss..L_MergedGlobals.1)
    GMAW_State                               0x200000d7   Data           1  main.o(.bss..L_MergedGlobals.1)
    ST_SAMPL_IT                              0x200000d8   Data           2  main.o(.bss..L_MergedGlobals.1)
    ALLSTATE_Set                             0x200000da   Data           2  main.o(.bss..L_MergedGlobals.1)
    FB_FIEP_NUM                              0x200000dc   Data           2  main.o(.bss..L_MergedGlobals.1)
    FB_OUTI_NUM                              0x200000de   Data           2  main.o(.bss..L_MergedGlobals.1)
    FB_OUTV_NUM                              0x200000e0   Data           2  main.o(.bss..L_MergedGlobals.1)
    FB_MTRP_NUM                              0x200000e2   Data           2  main.o(.bss..L_MergedGlobals.1)
    FB_PWRV_NUM                              0x200000e4   Data           2  main.o(.bss..L_MergedGlobals.1)
    FB_TIIR_NUM                              0x200000e6   Data           2  main.o(.bss..L_MergedGlobals.1)
    ST_FPWM_NUM                              0x200000e8   Data           2  main.o(.bss..L_MergedGlobals.1)
    ST_EPWM_NUM                              0x200000ea   Data           2  main.o(.bss..L_MergedGlobals.1)
    ST_OTDA_NUM                              0x200000ec   Data           2  main.o(.bss..L_MergedGlobals.1)
    EPWM_TEMP                                0x200000ee   Data           2  main.o(.bss..L_MergedGlobals.1)
    AOC_SAI                                  0x200000f0   Data           2  main.o(.bss..L_MergedGlobals.1)
    AOV_SAI                                  0x200000f2   Data           2  main.o(.bss..L_MergedGlobals.1)
    FB_FIEP_I                                0x200000f4   Data           2  main.o(.bss..L_MergedGlobals.1)
    FB_FIEP_D                                0x200000f6   Data           2  main.o(.bss..L_MergedGlobals.1)
    edge_count_it                            0x200000f8   Data           2  main.o(.bss..L_MergedGlobals.1)
    Error_Hold_count                         0x200000fa   Data           2  main.o(.bss..L_MergedGlobals.1)
    State_Delay_count                        0x200000fc   Data           2  main.o(.bss..L_MergedGlobals.1)
    Edge_Delay_count                         0x200000fe   Data           2  main.o(.bss..L_MergedGlobals.1)
    State_Delay_contain                      0x20000100   Data           2  main.o(.bss..L_MergedGlobals.1)
    GMAW_GAS_Diam_Speed                      0x20000104   Data           4  main.o(.bss..L_MergedGlobals.1)
    GMAW_GAS_Diam_Volt                       0x20000108   Data           4  main.o(.bss..L_MergedGlobals.1)
    GMAW_GAS_Diam_Vc                         0x2000010c   Data           4  main.o(.bss..L_MergedGlobals.1)
    GMAW_GAS_Diam_Inductor                   0x20000110   Data           4  main.o(.bss..L_MergedGlobals.1)
    GMAW_GAS_Diam_VSLOPE                     0x20000114   Data           4  main.o(.bss..L_MergedGlobals.1)
    FB_FIEP                                  0x20000118   Data          10  main.o(.bss..L_MergedGlobals.1)
    FB_OUTI                                  0x20000122   Data          10  main.o(.bss..L_MergedGlobals.1)
    FB_OUTV                                  0x2000012c   Data          10  main.o(.bss..L_MergedGlobals.1)
    TM3_temp                                 0x20000136   Data           2  stm32f1xx_it.o(.bss..L_MergedGlobals.1)
    TM3_count                                0x20000138   Data           2  stm32f1xx_it.o(.bss..L_MergedGlobals.1)
    FPWM                                     0x2000013a   Data           2  stm32f1xx_it.o(.bss..L_MergedGlobals.1)
    FPWM_Cai                                 0x2000013c   Data           2  stm32f1xx_it.o(.bss..L_MergedGlobals.1)
    FPWM_Set                                 0x2000013e   Data           2  stm32f1xx_it.o(.bss..L_MergedGlobals.1)
    FPWM_Dif                                 0x20000140   Data           2  stm32f1xx_it.o(.bss..L_MergedGlobals.1)
    FPWM_Prv                                 0x20000142   Data           2  stm32f1xx_it.o(.bss..L_MergedGlobals.1)
    FPWM_Set_Holder                          0x20000144   Data           2  stm32f1xx_it.o(.bss..L_MergedGlobals.1)
    FPWM_Set_count                           0x20000146   Data           2  stm32f1xx_it.o(.bss..L_MergedGlobals.1)
    FPWM_TEMP_Num                            0x20000148   Data           2  stm32f1xx_it.o(.bss..L_MergedGlobals.1)
    FB_FIEP_PWM_Ave                          0x2000014a   Data           2  stm32f1xx_it.o(.bss..L_MergedGlobals.1)
    ST_FPWM                                  0x2000014c   Data          10  main.o(.bss..L_MergedGlobals.2)
    ST_EPWM                                  0x20000156   Data          10  main.o(.bss..L_MergedGlobals.2)
    ST_OTDA                                  0x20000160   Data          10  main.o(.bss..L_MergedGlobals.2)
    HQ_temp                                  0x2000016a   Data          10  main.o(.bss..L_MergedGlobals.2)
    JS_temp                                  0x20000174   Data          10  main.o(.bss..L_MergedGlobals.2)
    ICOK_temp                                0x2000017e   Data          10  main.o(.bss..L_MergedGlobals.2)
    Gas_a                                    0x20000188   Data          10  main.o(.bss..L_MergedGlobals.2)
    hdac                                     0x20000194   Data          20  main.o(.bss..L_MergedGlobals.2)
    FB_FIEP_PACK                             0x200001a8   Data          30  main.o(.bss..L_MergedGlobals.2)
    FB_OUTI_PACK                             0x200001c8   Data          30  main.o(.bss..L_MergedGlobals.3)
    FB_OUTV_PACK                             0x200001e6   Data          30  main.o(.bss..L_MergedGlobals.3)
    hadc1                                    0x20000204   Data          48  main.o(.bss..L_MergedGlobals.3)
    hadc2                                    0x20000234   Data          48  main.o(.bss..L_MergedGlobals.4)
    htim7                                    0x20000264   Data          72  main.o(.bss..L_MergedGlobals.4)
    htim1                                    0x200002ac   Data          72  main.o(.bss.htim1)
    htim6                                    0x200002f4   Data          72  main.o(.bss.htim6)
    huart4                                   0x2000033c   Data          72  main.o(.bss.huart4)
    uwTick                                   0x20000384   Data           4  stm32f1xx_hal.o(.bss.uwTick)



==============================================================================

Memory Map of the image

  Image Entry point : 0x08000131

  Load Region LR_IROM1 (Base: 0x08000000, Size: 0x00005928, Max: 0x00040000, ABSOLUTE)

    Execution Region ER_IROM1 (Exec base: 0x08000000, Load base: 0x08000000, Size: 0x000058c8, Max: 0x00040000, ABSOLUTE)

    Exec Addr    Load Addr    Size         Type   Attr      Idx    E Section Name        Object

    0x08000000   0x08000000   0x00000130   Data   RO            3    RESET               startup_stm32f103xe.o
    0x08000130   0x08000130   0x00000008   Code   RO         1172  * !!!main             c_w.l(__main.o)
    0x08000138   0x08000138   0x00000034   Code   RO         1376    !!!scatter          c_w.l(__scatter.o)
    0x0800016c   0x0800016c   0x0000001a   Code   RO         1378    !!handler_copy      c_w.l(__scatter_copy.o)
    0x08000186   0x08000186   0x00000002   PAD
    0x08000188   0x08000188   0x0000001c   Code   RO         1380    !!handler_zi        c_w.l(__scatter_zi.o)
    0x080001a4   0x080001a4   0x00000002   Code   RO         1238    .ARM.Collect$$libinit$$00000000  c_w.l(libinit.o)
    0x080001a6   0x080001a6   0x00000000   Code   RO         1245    .ARM.Collect$$libinit$$00000002  c_w.l(libinit2.o)
    0x080001a6   0x080001a6   0x00000000   Code   RO         1247    .ARM.Collect$$libinit$$00000004  c_w.l(libinit2.o)
    0x080001a6   0x080001a6   0x00000000   Code   RO         1249    .ARM.Collect$$libinit$$00000006  c_w.l(libinit2.o)
    0x080001a6   0x080001a6   0x00000000   Code   RO         1252    .ARM.Collect$$libinit$$0000000C  c_w.l(libinit2.o)
    0x080001a6   0x080001a6   0x00000000   Code   RO         1254    .ARM.Collect$$libinit$$0000000E  c_w.l(libinit2.o)
    0x080001a6   0x080001a6   0x00000000   Code   RO         1256    .ARM.Collect$$libinit$$00000010  c_w.l(libinit2.o)
    0x080001a6   0x080001a6   0x00000000   Code   RO         1259    .ARM.Collect$$libinit$$00000013  c_w.l(libinit2.o)
    0x080001a6   0x080001a6   0x00000000   Code   RO         1261    .ARM.Collect$$libinit$$00000015  c_w.l(libinit2.o)
    0x080001a6   0x080001a6   0x00000000   Code   RO         1263    .ARM.Collect$$libinit$$00000017  c_w.l(libinit2.o)
    0x080001a6   0x080001a6   0x00000000   Code   RO         1265    .ARM.Collect$$libinit$$00000019  c_w.l(libinit2.o)
    0x080001a6   0x080001a6   0x00000000   Code   RO         1267    .ARM.Collect$$libinit$$0000001B  c_w.l(libinit2.o)
    0x080001a6   0x080001a6   0x00000000   Code   RO         1269    .ARM.Collect$$libinit$$0000001D  c_w.l(libinit2.o)
    0x080001a6   0x080001a6   0x00000000   Code   RO         1271    .ARM.Collect$$libinit$$0000001F  c_w.l(libinit2.o)
    0x080001a6   0x080001a6   0x00000000   Code   RO         1273    .ARM.Collect$$libinit$$00000021  c_w.l(libinit2.o)
    0x080001a6   0x080001a6   0x00000000   Code   RO         1275    .ARM.Collect$$libinit$$00000023  c_w.l(libinit2.o)
    0x080001a6   0x080001a6   0x00000000   Code   RO         1277    .ARM.Collect$$libinit$$00000025  c_w.l(libinit2.o)
    0x080001a6   0x080001a6   0x00000000   Code   RO         1279    .ARM.Collect$$libinit$$00000027  c_w.l(libinit2.o)
    0x080001a6   0x080001a6   0x00000000   Code   RO         1283    .ARM.Collect$$libinit$$0000002E  c_w.l(libinit2.o)
    0x080001a6   0x080001a6   0x00000000   Code   RO         1285    .ARM.Collect$$libinit$$00000030  c_w.l(libinit2.o)
    0x080001a6   0x080001a6   0x00000000   Code   RO         1287    .ARM.Collect$$libinit$$00000032  c_w.l(libinit2.o)
    0x080001a6   0x080001a6   0x00000000   Code   RO         1289    .ARM.Collect$$libinit$$00000034  c_w.l(libinit2.o)
    0x080001a6   0x080001a6   0x00000002   Code   RO         1290    .ARM.Collect$$libinit$$00000035  c_w.l(libinit2.o)
    0x080001a8   0x080001a8   0x00000002   Code   RO         1312    .ARM.Collect$$libshutdown$$00000000  c_w.l(libshutdown.o)
    0x080001aa   0x080001aa   0x00000000   Code   RO         1327    .ARM.Collect$$libshutdown$$00000002  c_w.l(libshutdown2.o)
    0x080001aa   0x080001aa   0x00000000   Code   RO         1329    .ARM.Collect$$libshutdown$$00000004  c_w.l(libshutdown2.o)
    0x080001aa   0x080001aa   0x00000000   Code   RO         1332    .ARM.Collect$$libshutdown$$00000007  c_w.l(libshutdown2.o)
    0x080001aa   0x080001aa   0x00000000   Code   RO         1335    .ARM.Collect$$libshutdown$$0000000A  c_w.l(libshutdown2.o)
    0x080001aa   0x080001aa   0x00000000   Code   RO         1337    .ARM.Collect$$libshutdown$$0000000C  c_w.l(libshutdown2.o)
    0x080001aa   0x080001aa   0x00000000   Code   RO         1340    .ARM.Collect$$libshutdown$$0000000F  c_w.l(libshutdown2.o)
    0x080001aa   0x080001aa   0x00000002   Code   RO         1341    .ARM.Collect$$libshutdown$$00000010  c_w.l(libshutdown2.o)
    0x080001ac   0x080001ac   0x00000000   Code   RO         1204    .ARM.Collect$$rtentry$$00000000  c_w.l(__rtentry.o)
    0x080001ac   0x080001ac   0x00000000   Code   RO         1215    .ARM.Collect$$rtentry$$00000002  c_w.l(__rtentry2.o)
    0x080001ac   0x080001ac   0x00000006   Code   RO         1227    .ARM.Collect$$rtentry$$00000004  c_w.l(__rtentry4.o)
    0x080001b2   0x080001b2   0x00000000   Code   RO         1217    .ARM.Collect$$rtentry$$00000009  c_w.l(__rtentry2.o)
    0x080001b2   0x080001b2   0x00000004   Code   RO         1218    .ARM.Collect$$rtentry$$0000000A  c_w.l(__rtentry2.o)
    0x080001b6   0x080001b6   0x00000000   Code   RO         1220    .ARM.Collect$$rtentry$$0000000C  c_w.l(__rtentry2.o)
    0x080001b6   0x080001b6   0x00000008   Code   RO         1221    .ARM.Collect$$rtentry$$0000000D  c_w.l(__rtentry2.o)
    0x080001be   0x080001be   0x00000002   Code   RO         1242    .ARM.Collect$$rtexit$$00000000  c_w.l(rtexit.o)
    0x080001c0   0x080001c0   0x00000000   Code   RO         1292    .ARM.Collect$$rtexit$$00000002  c_w.l(rtexit2.o)
    0x080001c0   0x080001c0   0x00000004   Code   RO         1293    .ARM.Collect$$rtexit$$00000003  c_w.l(rtexit2.o)
    0x080001c4   0x080001c4   0x00000006   Code   RO         1294    .ARM.Collect$$rtexit$$00000004  c_w.l(rtexit2.o)
    0x080001ca   0x080001ca   0x00000002   PAD
    0x080001cc   0x080001cc   0x00000040   Code   RO            4    .text               startup_stm32f103xe.o
    0x0800020c   0x0800020c   0x00000006   Code   RO         1170    .text               c_w.l(heapauxi.o)
    0x08000212   0x08000212   0x0000004a   Code   RO         1229    .text               c_w.l(sys_stackheap_outer.o)
    0x0800025c   0x0800025c   0x00000012   Code   RO         1231    .text               c_w.l(exit.o)
    0x0800026e   0x0800026e   0x00000002   PAD
    0x08000270   0x08000270   0x00000008   Code   RO         1239    .text               c_w.l(libspace.o)
    0x08000278   0x08000278   0x0000000c   Code   RO         1302    .text               c_w.l(sys_exit.o)
    0x08000284   0x08000284   0x00000002   Code   RO         1317    .text               c_w.l(use_no_semi.o)
    0x08000286   0x08000286   0x00000000   Code   RO         1319    .text               c_w.l(indicate_semi.o)
    0x08000286   0x08000286   0x00000002   PAD
    0x08000288   0x08000288   0x000000b6   Code   RO          156    .text.ADC_Enable    stm32f1xx_hal_adc.o
    0x0800033e   0x0800033e   0x00000002   PAD
    0x08000340   0x08000340   0x00000002   Code   RO           72    .text.BusFault_Handler  stm32f1xx_it.o
    0x08000342   0x08000342   0x00000002   PAD
    0x08000344   0x08000344   0x00000002   Code   RO           78    .text.DebugMon_Handler  stm32f1xx_it.o
    0x08000346   0x08000346   0x00000002   PAD
    0x08000348   0x08000348   0x00000008   Code   RO           84    .text.EXTI15_10_IRQHandler  stm32f1xx_it.o
    0x08000350   0x08000350   0x00000578   Code   RO           11    .text.Get_FB_FUN    main.o
    0x080008c8   0x080008c8   0x00000586   Code   RO           17    .text.Get_SP_FUN    main.o
    0x08000e4e   0x08000e4e   0x00000002   PAD
    0x08000e50   0x08000e50   0x0000005c   Code   RO           15    .text.Get_State_FUN  main.o
    0x08000eac   0x08000eac   0x0000024c   Code   RO          228    .text.HAL_ADCEx_InjectedConfigChannel  stm32f1xx_hal_adc_ex.o
    0x080010f8   0x080010f8   0x00000028   Code   RO          222    .text.HAL_ADCEx_InjectedGetValue  stm32f1xx_hal_adc_ex.o
    0x08001120   0x08001120   0x000000b0   Code   RO          208    .text.HAL_ADCEx_InjectedStart  stm32f1xx_hal_adc_ex.o
    0x080011d0   0x080011d0   0x0000018c   Code   RO          190    .text.HAL_ADC_ConfigChannel  stm32f1xx_hal_adc.o
    0x0800135c   0x0800135c   0x00000006   Code   RO          178    .text.HAL_ADC_GetValue  stm32f1xx_hal_adc.o
    0x08001362   0x08001362   0x00000002   PAD
    0x08001364   0x08001364   0x00000170   Code   RO          144    .text.HAL_ADC_Init  stm32f1xx_hal_adc.o
    0x080014d4   0x080014d4   0x000000dc   Code   RO          104    .text.HAL_ADC_MspInit  stm32f1xx_hal_msp.o
    0x080015b0   0x080015b0   0x000000cc   Code   RO          154    .text.HAL_ADC_Start  stm32f1xx_hal_adc.o
    0x0800167c   0x0800167c   0x0000005e   Code   RO          609    .text.HAL_DAC_ConfigChannel  stm32f1xx_hal_dac.o
    0x080016da   0x080016da   0x00000002   PAD
    0x080016dc   0x080016dc   0x00000028   Code   RO          573    .text.HAL_DAC_Init  stm32f1xx_hal_dac.o
    0x08001704   0x08001704   0x0000005e   Code   RO          108    .text.HAL_DAC_MspInit  stm32f1xx_hal_msp.o
    0x08001762   0x08001762   0x00000002   PAD
    0x08001764   0x08001764   0x0000002e   Code   RO          597    .text.HAL_DAC_SetValue  stm32f1xx_hal_dac.o
    0x08001792   0x08001792   0x00000002   PAD
    0x08001794   0x08001794   0x0000005c   Code   RO          581    .text.HAL_DAC_Start  stm32f1xx_hal_dac.o
    0x080017f0   0x080017f0   0x00000028   Code   RO          260    .text.HAL_Delay     stm32f1xx_hal.o
    0x08001818   0x08001818   0x00000076   Code   RO           29    .text.HAL_GPIO_EXTI_Callback  main.o
    0x0800188e   0x0800188e   0x00000002   PAD
    0x08001890   0x08001890   0x00000016   Code   RO          364    .text.HAL_GPIO_EXTI_IRQHandler  stm32f1xx_hal_gpio.o
    0x080018a6   0x080018a6   0x00000002   PAD
    0x080018a8   0x080018a8   0x000001fa   Code   RO          352    .text.HAL_GPIO_Init  stm32f1xx_hal_gpio.o
    0x08001aa2   0x08001aa2   0x00000002   PAD
    0x08001aa4   0x08001aa4   0x0000000a   Code   RO          356    .text.HAL_GPIO_ReadPin  stm32f1xx_hal_gpio.o
    0x08001aae   0x08001aae   0x00000002   PAD
    0x08001ab0   0x08001ab0   0x00000010   Code   RO          360    .text.HAL_GPIO_TogglePin  stm32f1xx_hal_gpio.o
    0x08001ac0   0x08001ac0   0x0000000a   Code   RO          358    .text.HAL_GPIO_WritePin  stm32f1xx_hal_gpio.o
    0x08001aca   0x08001aca   0x00000002   PAD
    0x08001acc   0x08001acc   0x0000000c   Code   RO          252    .text.HAL_GetTick   stm32f1xx_hal.o
    0x08001ad8   0x08001ad8   0x0000001a   Code   RO          250    .text.HAL_IncTick   stm32f1xx_hal.o
    0x08001af2   0x08001af2   0x00000002   PAD
    0x08001af4   0x08001af4   0x00000026   Code   RO          240    .text.HAL_Init      stm32f1xx_hal.o
    0x08001b1a   0x08001b1a   0x00000002   PAD
    0x08001b1c   0x08001b1c   0x00000048   Code   RO          242    .text.HAL_InitTick  stm32f1xx_hal.o
    0x08001b64   0x08001b64   0x00000032   Code   RO          102    .text.HAL_MspInit   stm32f1xx_hal_msp.o
    0x08001b96   0x08001b96   0x00000002   PAD
    0x08001b98   0x08001b98   0x00000026   Code   RO          412    .text.HAL_NVIC_EnableIRQ  stm32f1xx_hal_cortex.o
    0x08001bbe   0x08001bbe   0x00000002   PAD
    0x08001bc0   0x08001bc0   0x00000056   Code   RO          410    .text.HAL_NVIC_SetPriority  stm32f1xx_hal_cortex.o
    0x08001c16   0x08001c16   0x00000002   PAD
    0x08001c18   0x08001c18   0x00000020   Code   RO          408    .text.HAL_NVIC_SetPriorityGrouping  stm32f1xx_hal_cortex.o
    0x08001c38   0x08001c38   0x0000010a   Code   RO          338    .text.HAL_RCCEx_PeriphCLKConfig  stm32f1xx_hal_rcc_ex.o
    0x08001d42   0x08001d42   0x00000002   PAD
    0x08001d44   0x08001d44   0x000001ce   Code   RO          304    .text.HAL_RCC_ClockConfig  stm32f1xx_hal_rcc.o
    0x08001f12   0x08001f12   0x00000002   PAD
    0x08001f14   0x08001f14   0x00000026   Code   RO          316    .text.HAL_RCC_GetPCLK1Freq  stm32f1xx_hal_rcc.o
    0x08001f3a   0x08001f3a   0x00000002   PAD
    0x08001f3c   0x08001f3c   0x00000026   Code   RO          318    .text.HAL_RCC_GetPCLK2Freq  stm32f1xx_hal_rcc.o
    0x08001f62   0x08001f62   0x00000002   PAD
    0x08001f64   0x08001f64   0x000003b4   Code   RO          302    .text.HAL_RCC_OscConfig  stm32f1xx_hal_rcc.o
    0x08002318   0x08002318   0x0000002c   Code   RO          420    .text.HAL_SYSTICK_Config  stm32f1xx_hal_cortex.o
    0x08002344   0x08002344   0x00000002   Code   RO          962    .text.HAL_TIMEx_BreakCallback  stm32f1xx_hal_tim_ex.o
    0x08002346   0x08002346   0x00000002   PAD
    0x08002348   0x08002348   0x00000002   Code   RO          958    .text.HAL_TIMEx_CommutCallback  stm32f1xx_hal_tim_ex.o
    0x0800234a   0x0800234a   0x00000002   PAD
    0x0800234c   0x0800234c   0x0000004c   Code   RO          954    .text.HAL_TIMEx_ConfigBreakDeadTime  stm32f1xx_hal_tim_ex.o
    0x08002398   0x08002398   0x00000092   Code   RO          952    .text.HAL_TIMEx_MasterConfigSynchronization  stm32f1xx_hal_tim_ex.o
    0x0800242a   0x0800242a   0x00000002   PAD
    0x0800242c   0x0800242c   0x00000126   Code   RO          657    .text.HAL_TIM_Base_Init  stm32f1xx_hal_tim.o
    0x08002552   0x08002552   0x00000002   PAD
    0x08002554   0x08002554   0x000000b0   Code   RO          112    .text.HAL_TIM_Base_MspInit  stm32f1xx_hal_msp.o
    0x08002604   0x08002604   0x00000086   Code   RO          671    .text.HAL_TIM_Base_Start_IT  stm32f1xx_hal_tim.o
    0x0800268a   0x0800268a   0x00000002   PAD
    0x0800268c   0x0800268c   0x0000003c   Code   RO          673    .text.HAL_TIM_Base_Stop_IT  stm32f1xx_hal_tim.o
    0x080026c8   0x080026c8   0x0000019c   Code   RO          837    .text.HAL_TIM_ConfigClockSource  stm32f1xx_hal_tim.o
    0x08002864   0x08002864   0x00000002   Code   RO          793    .text.HAL_TIM_IC_CaptureCallback  stm32f1xx_hal_tim.o
    0x08002866   0x08002866   0x00000002   PAD
    0x08002868   0x08002868   0x00000170   Code   RO          791    .text.HAL_TIM_IRQHandler  stm32f1xx_hal_tim.o
    0x080029d8   0x080029d8   0x00000050   Code   RO          114    .text.HAL_TIM_MspPostInit  stm32f1xx_hal_msp.o
    0x08002a28   0x08002a28   0x00000002   Code   RO          795    .text.HAL_TIM_OC_DelayElapsedCallback  stm32f1xx_hal_tim.o
    0x08002a2a   0x08002a2a   0x00000002   PAD
    0x08002a2c   0x08002a2c   0x00000262   Code   RO          811    .text.HAL_TIM_PWM_ConfigChannel  stm32f1xx_hal_tim.o
    0x08002c8e   0x08002c8e   0x00000002   PAD
    0x08002c90   0x08002c90   0x00000126   Code   RO          711    .text.HAL_TIM_PWM_Init  stm32f1xx_hal_tim.o
    0x08002db6   0x08002db6   0x00000002   PAD
    0x08002db8   0x08002db8   0x00000002   Code   RO          713    .text.HAL_TIM_PWM_MspInit  stm32f1xx_hal_tim.o
    0x08002dba   0x08002dba   0x00000002   PAD
    0x08002dbc   0x08002dbc   0x00000002   Code   RO          797    .text.HAL_TIM_PWM_PulseFinishedCallback  stm32f1xx_hal_tim.o
    0x08002dbe   0x08002dbe   0x00000002   PAD
    0x08002dc0   0x08002dc0   0x000000e2   Code   RO          719    .text.HAL_TIM_PWM_Start  stm32f1xx_hal_tim.o
    0x08002ea2   0x08002ea2   0x00000002   PAD
    0x08002ea4   0x08002ea4   0x00000002   Code   RO          799    .text.HAL_TIM_PeriodElapsedCallback  stm32f1xx_hal_tim.o
    0x08002ea6   0x08002ea6   0x00000002   PAD
    0x08002ea8   0x08002ea8   0x00000002   Code   RO          801    .text.HAL_TIM_TriggerCallback  stm32f1xx_hal_tim.o
    0x08002eaa   0x08002eaa   0x00000002   PAD
    0x08002eac   0x08002eac   0x000000e2   Code   RO          976    .text.HAL_UART_Init  stm32f1xx_hal_uart.o
    0x08002f8e   0x08002f8e   0x00000002   PAD
    0x08002f90   0x08002f90   0x0000007a   Code   RO          118    .text.HAL_UART_MspInit  stm32f1xx_hal_msp.o
    0x0800300a   0x0800300a   0x00000002   PAD
    0x0800300c   0x0800300c   0x00000002   Code   RO           68    .text.HardFault_Handler  stm32f1xx_it.o
    0x0800300e   0x0800300e   0x00000002   PAD
    0x08003010   0x08003010   0x00000002   Code   RO           70    .text.MemManage_Handler  stm32f1xx_it.o
    0x08003012   0x08003012   0x00000002   PAD
    0x08003014   0x08003014   0x00000002   Code   RO           66    .text.NMI_Handler   stm32f1xx_it.o
    0x08003016   0x08003016   0x00000002   PAD
    0x08003018   0x08003018   0x00000002   Code   RO           80    .text.PendSV_Handler  stm32f1xx_it.o
    0x0800301a   0x0800301a   0x00000002   PAD
    0x0800301c   0x0800301c   0x00000002   Code   RO           76    .text.SVC_Handler   stm32f1xx_it.o
    0x0800301e   0x0800301e   0x00000002   PAD
    0x08003020   0x08003020   0x00000654   Code   RO           13    .text.Switch_State_FUN  main.o
    0x08003674   0x08003674   0x00000004   Code   RO           82    .text.SysTick_Handler  stm32f1xx_it.o
    0x08003678   0x08003678   0x00000002   Code   RO         1096    .text.SystemInit    system_stm32f1xx.o
    0x0800367a   0x0800367a   0x00000002   PAD
    0x0800367c   0x0800367c   0x000003b2   Code   RO           86    .text.TIM6_IRQHandler  stm32f1xx_it.o
    0x08003a2e   0x08003a2e   0x00000002   PAD
    0x08003a30   0x08003a30   0x0000013a   Code   RO           88    .text.TIM7_IRQHandler  stm32f1xx_it.o
    0x08003b6a   0x08003b6a   0x00000002   PAD
    0x08003b6c   0x08003b6c   0x00000002   Code   RO           74    .text.UsageFault_Handler  stm32f1xx_it.o
    0x08003b6e   0x08003b6e   0x00000002   PAD
    0x08003b70   0x08003b70   0x00000140   Code   RO           19    .text.Weld_ERROR_Handler  main.o
    0x08003cb0   0x08003cb0   0x0000076e   Code   RO           23    .text.main          main.o
    0x0800441e   0x0800441e   0x00000002   PAD
    0x08004420   0x08004420   0x00000150   Code   RO         1174    x$fpl$dadd          fz_ws.l(daddsub_clz.o)
    0x08004570   0x08004570   0x0000005e   Code   RO         1180    x$fpl$dfix          fz_ws.l(dfix.o)
    0x080045ce   0x080045ce   0x0000002e   Code   RO         1185    x$fpl$dflt          fz_ws.l(dflt_clz.o)
    0x080045fc   0x080045fc   0x00000026   Code   RO         1184    x$fpl$dfltu         fz_ws.l(dflt_clz.o)
    0x08004622   0x08004622   0x00000002   PAD
    0x08004624   0x08004624   0x00000154   Code   RO         1190    x$fpl$dmul          fz_ws.l(dmul.o)
    0x08004778   0x08004778   0x0000009c   Code   RO         1205    x$fpl$dnaninf       fz_ws.l(dnaninf.o)
    0x08004814   0x08004814   0x0000000c   Code   RO         1207    x$fpl$dretinf       fz_ws.l(dretinf.o)
    0x08004820   0x08004820   0x000001dc   Code   RO         1176    x$fpl$dsub          fz_ws.l(daddsub_clz.o)
    0x080049fc   0x080049fc   0x00000036   Code   RO         1192    x$fpl$ffix          fz_ws.l(ffix.o)
    0x08004a32   0x08004a32   0x00000002   PAD
    0x08004a34   0x08004a34   0x00000030   Code   RO         1197    x$fpl$fflt          fz_ws.l(fflt_clz.o)
    0x08004a64   0x08004a64   0x00000102   Code   RO         1202    x$fpl$fmul          fz_ws.l(fmul.o)
    0x08004b66   0x08004b66   0x0000008c   Code   RO         1209    x$fpl$fnaninf       fz_ws.l(fnaninf.o)
    0x08004bf2   0x08004bf2   0x0000000a   Code   RO         1211    x$fpl$fretinf       fz_ws.l(fretinf.o)
    0x08004bfc   0x08004bfc   0x00000000   Code   RO         1213    x$fpl$usenofp       fz_ws.l(usenofp.o)
    0x08004bfc   0x08004bfc   0x00000010   Data   RO         1101    .rodata.AHBPrescTable  system_stm32f1xx.o
    0x08004c0c   0x08004c0c   0x00000008   Data   RO         1102    .rodata.APBPrescTable  system_stm32f1xx.o
    0x08004c14   0x08004c14   0x00000032   Data   RO         1148    .rodata.GMAW_Flux_CO2_12_Inductor  weld_struct.o
    0x08004c46   0x08004c46   0x00000064   Data   RO         1146    .rodata.GMAW_Flux_CO2_12_Speed  weld_struct.o
    0x08004caa   0x08004caa   0x00000032   Data   RO         1150    .rodata.GMAW_Flux_CO2_12_VSLOPE  weld_struct.o
    0x08004cdc   0x08004cdc   0x00000064   Data   RO         1149    .rodata.GMAW_Flux_CO2_12_Vc  weld_struct.o
    0x08004d40   0x08004d40   0x00000064   Data   RO         1147    .rodata.GMAW_Flux_CO2_12_Volt  weld_struct.o
    0x08004da4   0x08004da4   0x00000032   Data   RO         1153    .rodata.GMAW_Flux_CO2_16_Inductor  weld_struct.o
    0x08004dd6   0x08004dd6   0x00000064   Data   RO         1151    .rodata.GMAW_Flux_CO2_16_Speed  weld_struct.o
    0x08004e3a   0x08004e3a   0x00000032   Data   RO         1155    .rodata.GMAW_Flux_CO2_16_VSLOPE  weld_struct.o
    0x08004e6c   0x08004e6c   0x00000064   Data   RO         1154    .rodata.GMAW_Flux_CO2_16_Vc  weld_struct.o
    0x08004ed0   0x08004ed0   0x00000064   Data   RO         1152    .rodata.GMAW_Flux_CO2_16_Volt  weld_struct.o
    0x08004f34   0x08004f34   0x00000032   Data   RO         1118    .rodata.GMAW_Wave_CO2_10_Inductor  weld_struct.o
    0x08004f66   0x08004f66   0x00000064   Data   RO         1116    .rodata.GMAW_Wave_CO2_10_Speed  weld_struct.o
    0x08004fca   0x08004fca   0x00000032   Data   RO         1120    .rodata.GMAW_Wave_CO2_10_VSLOPE  weld_struct.o
    0x08004ffc   0x08004ffc   0x00000064   Data   RO         1119    .rodata.GMAW_Wave_CO2_10_Vc  weld_struct.o
    0x08005060   0x08005060   0x00000064   Data   RO         1117    .rodata.GMAW_Wave_CO2_10_Volt  weld_struct.o
    0x080050c4   0x080050c4   0x00000032   Data   RO         1123    .rodata.GMAW_Wave_CO2_12_Inductor  weld_struct.o
    0x080050f6   0x080050f6   0x00000064   Data   RO         1121    .rodata.GMAW_Wave_CO2_12_Speed  weld_struct.o
    0x0800515a   0x0800515a   0x00000032   Data   RO         1125    .rodata.GMAW_Wave_CO2_12_VSLOPE  weld_struct.o
    0x0800518c   0x0800518c   0x00000064   Data   RO         1124    .rodata.GMAW_Wave_CO2_12_Vc  weld_struct.o
    0x080051f0   0x080051f0   0x00000064   Data   RO         1122    .rodata.GMAW_Wave_CO2_12_Volt  weld_struct.o
    0x08005254   0x08005254   0x00000032   Data   RO         1128    .rodata.GMAW_Wave_CO2_16_Inductor  weld_struct.o
    0x08005286   0x08005286   0x00000064   Data   RO         1126    .rodata.GMAW_Wave_CO2_16_Speed  weld_struct.o
    0x080052ea   0x080052ea   0x00000032   Data   RO         1130    .rodata.GMAW_Wave_CO2_16_VSLOPE  weld_struct.o
    0x0800531c   0x0800531c   0x00000064   Data   RO         1129    .rodata.GMAW_Wave_CO2_16_Vc  weld_struct.o
    0x08005380   0x08005380   0x00000064   Data   RO         1127    .rodata.GMAW_Wave_CO2_16_Volt  weld_struct.o
    0x080053e4   0x080053e4   0x00000032   Data   RO         1133    .rodata.GMAW_Wave_MAG_10_Inductor  weld_struct.o
    0x08005416   0x08005416   0x00000064   Data   RO         1131    .rodata.GMAW_Wave_MAG_10_Speed  weld_struct.o
    0x0800547a   0x0800547a   0x00000032   Data   RO         1135    .rodata.GMAW_Wave_MAG_10_VSLOPE  weld_struct.o
    0x080054ac   0x080054ac   0x00000064   Data   RO         1134    .rodata.GMAW_Wave_MAG_10_Vc  weld_struct.o
    0x08005510   0x08005510   0x00000064   Data   RO         1132    .rodata.GMAW_Wave_MAG_10_Volt  weld_struct.o
    0x08005574   0x08005574   0x00000032   Data   RO         1138    .rodata.GMAW_Wave_MAG_12_Inductor  weld_struct.o
    0x080055a6   0x080055a6   0x00000064   Data   RO         1136    .rodata.GMAW_Wave_MAG_12_Speed  weld_struct.o
    0x0800560a   0x0800560a   0x00000032   Data   RO         1140    .rodata.GMAW_Wave_MAG_12_VSLOPE  weld_struct.o
    0x0800563c   0x0800563c   0x00000064   Data   RO         1139    .rodata.GMAW_Wave_MAG_12_Vc  weld_struct.o
    0x080056a0   0x080056a0   0x00000064   Data   RO         1137    .rodata.GMAW_Wave_MAG_12_Volt  weld_struct.o
    0x08005704   0x08005704   0x00000032   Data   RO         1159    .rodata.GMAW_Wave_MAG_16_Inductor  weld_struct.o
    0x08005736   0x08005736   0x00000064   Data   RO         1158    .rodata.GMAW_Wave_MAG_16_Speed  weld_struct.o
    0x0800579a   0x0800579a   0x00000032   Data   RO         1161    .rodata.GMAW_Wave_MAG_16_VSLOPE  weld_struct.o
    0x080057cc   0x080057cc   0x00000064   Data   RO         1160    .rodata.GMAW_Wave_MAG_16_Vc  weld_struct.o
    0x08005830   0x08005830   0x00000064   Data   RO         1142    .rodata.GMAW_Wave_MAG_16_Volt  weld_struct.o
    0x08005894   0x08005894   0x00000002   Data   RO          329    .rodata.HAL_RCC_GetSysClockFreq.aPredivFactorTable  stm32f1xx_hal_rcc.o
    0x08005896   0x08005896   0x00000010   Data   RO          328    .rodata.cst16       stm32f1xx_hal_rcc.o
    0x080058a6   0x080058a6   0x00000002   PAD
    0x080058a8   0x080058a8   0x00000020   Data   RO         1375    Region$$Table       anon$$obj.o


    Execution Region RW_IRAM1 (Exec base: 0x20000000, Load base: 0x080058c8, Size: 0x00000988, Max: 0x0000c000, ABSOLUTE)

    Exec Addr    Load Addr    Size         Type   Attr      Idx    E Section Name        Object

    0x20000000   0x080058c8   0x00000040   Data   RW           53    .data..L_MergedGlobals  main.o
    0x20000040   0x08005908   0x00000005   Data   RW           92    .data..L_MergedGlobals  stm32f1xx_it.o
    0x20000045   0x0800590d   0x00000003   PAD
    0x20000048   0x08005910   0x00000008   Data   RW          291    .data..L_MergedGlobals  stm32f1xx_hal.o
    0x20000050   0x08005918   0x00000001   Data   RW           36    .data.PWM_Set       main.o
    0x20000051   0x08005919   0x00000003   PAD
    0x20000054   0x0800591c   0x00000004   Data   RW         1100    .data.SystemCoreClock  system_stm32f1xx.o
    0x20000058   0x08005920   0x00000001   Data   RW           37    .data.Wave_control_signal  main.o
    0x20000059   0x08005921   0x00000007   PAD
    0x20000060        -       0x00000060   Zero   RW         1240    .bss                c_w.l(libspace.o)
    0x200000c0        -       0x00000076   Zero   RW           54    .bss..L_MergedGlobals.1  main.o
    0x20000136        -       0x00000016   Zero   RW           93    .bss..L_MergedGlobals.1  stm32f1xx_it.o
    0x2000014c        -       0x0000007a   Zero   RW           55    .bss..L_MergedGlobals.2  main.o
    0x200001c6   0x08005921   0x00000002   PAD
    0x200001c8        -       0x0000006c   Zero   RW           56    .bss..L_MergedGlobals.3  main.o
    0x20000234        -       0x00000078   Zero   RW           57    .bss..L_MergedGlobals.4  main.o
    0x200002ac        -       0x00000048   Zero   RW           49    .bss.htim1          main.o
    0x200002f4        -       0x00000048   Zero   RW           50    .bss.htim6          main.o
    0x2000033c        -       0x00000048   Zero   RW           51    .bss.huart4         main.o
    0x20000384        -       0x00000004   Zero   RW          290    .bss.uwTick         stm32f1xx_hal.o
    0x20000388        -       0x00000200   Zero   RW            2    HEAP                startup_stm32f103xe.o
    0x20000588        -       0x00000400   Zero   RW            1    STACK               startup_stm32f103xe.o


==============================================================================

Image component sizes


      Code (inc. data)   RO Data    RW Data    ZI Data      Debug   Object Name

      6866         48          0         66        684      22827   main.o
        64         26        304          0       1536        788   startup_stm32f103xe.o
       188          0          0          8          4       6064   stm32f1xx_hal.o
      1156          0          0          0          0      13210   stm32f1xx_hal_adc.o
       804          0          0          0          0       9500   stm32f1xx_hal_adc_ex.o
       200          0          0          0          0       8822   stm32f1xx_hal_cortex.o
       272          0          0          0          0       7408   stm32f1xx_hal_dac.o
       564         20          0          0          0       4532   stm32f1xx_hal_gpio.o
       742          0          0          0          0      10728   stm32f1xx_hal_msp.o
      1486          0         18          0          0       7733   stm32f1xx_hal_rcc.o
       266          0          0          0          0       3786   stm32f1xx_hal_rcc_ex.o
      2410          4          0          0          0      55869   stm32f1xx_hal_tim.o
       226          0          0          0          0      20881   stm32f1xx_hal_tim_ex.o
       226          0          0          0          0      32323   stm32f1xx_hal_uart.o
      1288          0          0          5         22       6896   stm32f1xx_it.o
         2          0         24          4          0       1678   system_stm32f1xx.o
         0          0       3200          0          0       2557   weld_struct.o

    ----------------------------------------------------------------------
     16856         98       3580         92       2252     215602   Object Totals
         0          0         32          0          0          0   (incl. Generated)
        96          0          2          9          6          0   (incl. Padding)

    ----------------------------------------------------------------------

      Code (inc. data)   RO Data    RW Data    ZI Data      Debug   Library Member Name

         8          0          0          0          0         68   __main.o
         0          0          0          0          0          0   __rtentry.o
        12          0          0          0          0          0   __rtentry2.o
         6          0          0          0          0          0   __rtentry4.o
        52          8          0          0          0          0   __scatter.o
        26          0          0          0          0          0   __scatter_copy.o
        28          0          0          0          0          0   __scatter_zi.o
        18          0          0          0          0         80   exit.o
         6          0          0          0          0        152   heapauxi.o
         0          0          0          0          0          0   indicate_semi.o
         2          0          0          0          0          0   libinit.o
         2          0          0          0          0          0   libinit2.o
         2          0          0          0          0          0   libshutdown.o
         2          0          0          0          0          0   libshutdown2.o
         8          4          0          0         96         68   libspace.o
         2          0          0          0          0          0   rtexit.o
        10          0          0          0          0          0   rtexit2.o
        12          4          0          0          0         68   sys_exit.o
        74          0          0          0          0         80   sys_stackheap_outer.o
         2          0          0          0          0         68   use_no_semi.o
       812         16          0          0          0        296   daddsub_clz.o
        94          4          0          0          0         92   dfix.o
        84          0          0          0          0        136   dflt_clz.o
       340         12          0          0          0        104   dmul.o
       156          4          0          0          0         92   dnaninf.o
        12          0          0          0          0         68   dretinf.o
        54          4          0          0          0         84   ffix.o
        48          0          0          0          0         68   fflt_clz.o
       258          4          0          0          0         84   fmul.o
       140          4          0          0          0         84   fnaninf.o
        10          0          0          0          0         68   fretinf.o
         0          0          0          0          0          0   usenofp.o

    ----------------------------------------------------------------------
      2292         64          0          0         96       1760   Library Totals
        12          0          0          0          0          0   (incl. Padding)

    ----------------------------------------------------------------------

      Code (inc. data)   RO Data    RW Data    ZI Data      Debug   Library Name

       272         16          0          0         96        584   c_w.l
      2008         48          0          0          0       1176   fz_ws.l

    ----------------------------------------------------------------------
      2292         64          0          0         96       1760   Library Totals

    ----------------------------------------------------------------------

==============================================================================


      Code (inc. data)   RO Data    RW Data    ZI Data      Debug   

     19148        162       3580         92       2348     216298   Grand Totals
     19148        162       3580         92       2348     216298   ELF Image Totals
     19148        162       3580         92          0          0   ROM Totals

==============================================================================

    Total RO  Size (Code + RO Data)                22728 (  22.20kB)
    Total RW  Size (RW Data + ZI Data)              2440 (   2.38kB)
    Total ROM Size (Code + RO Data + RW Data)      22820 (  22.29kB)

==============================================================================

